Component: ARM Compiler 5.06 update 6 (build 750) Tool: armlink [4d35ed]

==============================================================================

Section Cross References

    system_stm32f4xx.o(i.SystemCoreClockUpdate) refers to system_stm32f4xx.o(.data) for SystemCoreClock
    system_stm32f4xx.o(i.SystemInit) refers to system_stm32f4xx.o(i.SetSysClock) for SetSysClock
    stm32f4xx_adc.o(i.ADC_DeInit) refers to stm32f4xx_rcc.o(i.RCC_APB2PeriphResetCmd) for RCC_APB2PeriphResetCmd
    stm32f4xx_can.o(i.CAN_DeInit) refers to stm32f4xx_rcc.o(i.RCC_APB1PeriphResetCmd) for RCC_APB1PeriphResetCmd
    stm32f4xx_can.o(i.CAN_GetITStatus) refers to stm32f4xx_can.o(i.CheckITStatus) for CheckITStatus
    stm32f4xx_cryp.o(i.CRYP_DeInit) refers to stm32f4xx_rcc.o(i.RCC_AHB2PeriphResetCmd) for RCC_AHB2PeriphResetCmd
    stm32f4xx_cryp_aes.o(i.CRYP_AES_CBC) refers to stm32f4xx_cryp.o(i.CRYP_KeyStructInit) for CRYP_KeyStructInit
    stm32f4xx_cryp_aes.o(i.CRYP_AES_CBC) refers to stm32f4xx_cryp.o(i.CRYP_FIFOFlush) for CRYP_FIFOFlush
    stm32f4xx_cryp_aes.o(i.CRYP_AES_CBC) refers to stm32f4xx_cryp.o(i.CRYP_Init) for CRYP_Init
    stm32f4xx_cryp_aes.o(i.CRYP_AES_CBC) refers to stm32f4xx_cryp.o(i.CRYP_KeyInit) for CRYP_KeyInit
    stm32f4xx_cryp_aes.o(i.CRYP_AES_CBC) refers to stm32f4xx_cryp.o(i.CRYP_Cmd) for CRYP_Cmd
    stm32f4xx_cryp_aes.o(i.CRYP_AES_CBC) refers to stm32f4xx_cryp.o(i.CRYP_GetFlagStatus) for CRYP_GetFlagStatus
    stm32f4xx_cryp_aes.o(i.CRYP_AES_CBC) refers to stm32f4xx_cryp.o(i.CRYP_IVInit) for CRYP_IVInit
    stm32f4xx_cryp_aes.o(i.CRYP_AES_CBC) refers to stm32f4xx_cryp.o(i.CRYP_GetCmdStatus) for CRYP_GetCmdStatus
    stm32f4xx_cryp_aes.o(i.CRYP_AES_CBC) refers to stm32f4xx_cryp.o(i.CRYP_DataIn) for CRYP_DataIn
    stm32f4xx_cryp_aes.o(i.CRYP_AES_CBC) refers to stm32f4xx_cryp.o(i.CRYP_DataOut) for CRYP_DataOut
    stm32f4xx_cryp_aes.o(i.CRYP_AES_CCM) refers to stm32f4xx_cryp.o(i.CRYP_KeyStructInit) for CRYP_KeyStructInit
    stm32f4xx_cryp_aes.o(i.CRYP_AES_CCM) refers to stm32f4xx_cryp.o(i.CRYP_FIFOFlush) for CRYP_FIFOFlush
    stm32f4xx_cryp_aes.o(i.CRYP_AES_CCM) refers to stm32f4xx_cryp.o(i.CRYP_KeyInit) for CRYP_KeyInit
    stm32f4xx_cryp_aes.o(i.CRYP_AES_CCM) refers to stm32f4xx_cryp.o(i.CRYP_IVInit) for CRYP_IVInit
    stm32f4xx_cryp_aes.o(i.CRYP_AES_CCM) refers to stm32f4xx_cryp.o(i.CRYP_Init) for CRYP_Init
    stm32f4xx_cryp_aes.o(i.CRYP_AES_CCM) refers to stm32f4xx_cryp.o(i.CRYP_PhaseConfig) for CRYP_PhaseConfig
    stm32f4xx_cryp_aes.o(i.CRYP_AES_CCM) refers to stm32f4xx_cryp.o(i.CRYP_DataIn) for CRYP_DataIn
    stm32f4xx_cryp_aes.o(i.CRYP_AES_CCM) refers to stm32f4xx_cryp.o(i.CRYP_Cmd) for CRYP_Cmd
    stm32f4xx_cryp_aes.o(i.CRYP_AES_CCM) refers to stm32f4xx_cryp.o(i.CRYP_GetCmdStatus) for CRYP_GetCmdStatus
    stm32f4xx_cryp_aes.o(i.CRYP_AES_CCM) refers to stm32f4xx_cryp.o(i.CRYP_GetFlagStatus) for CRYP_GetFlagStatus
    stm32f4xx_cryp_aes.o(i.CRYP_AES_CCM) refers to stm32f4xx_cryp.o(i.CRYP_DataOut) for CRYP_DataOut
    stm32f4xx_cryp_aes.o(i.CRYP_AES_CTR) refers to stm32f4xx_cryp.o(i.CRYP_KeyStructInit) for CRYP_KeyStructInit
    stm32f4xx_cryp_aes.o(i.CRYP_AES_CTR) refers to stm32f4xx_cryp.o(i.CRYP_KeyInit) for CRYP_KeyInit
    stm32f4xx_cryp_aes.o(i.CRYP_AES_CTR) refers to stm32f4xx_cryp.o(i.CRYP_Init) for CRYP_Init
    stm32f4xx_cryp_aes.o(i.CRYP_AES_CTR) refers to stm32f4xx_cryp.o(i.CRYP_IVInit) for CRYP_IVInit
    stm32f4xx_cryp_aes.o(i.CRYP_AES_CTR) refers to stm32f4xx_cryp.o(i.CRYP_FIFOFlush) for CRYP_FIFOFlush
    stm32f4xx_cryp_aes.o(i.CRYP_AES_CTR) refers to stm32f4xx_cryp.o(i.CRYP_Cmd) for CRYP_Cmd
    stm32f4xx_cryp_aes.o(i.CRYP_AES_CTR) refers to stm32f4xx_cryp.o(i.CRYP_GetCmdStatus) for CRYP_GetCmdStatus
    stm32f4xx_cryp_aes.o(i.CRYP_AES_CTR) refers to stm32f4xx_cryp.o(i.CRYP_DataIn) for CRYP_DataIn
    stm32f4xx_cryp_aes.o(i.CRYP_AES_CTR) refers to stm32f4xx_cryp.o(i.CRYP_GetFlagStatus) for CRYP_GetFlagStatus
    stm32f4xx_cryp_aes.o(i.CRYP_AES_CTR) refers to stm32f4xx_cryp.o(i.CRYP_DataOut) for CRYP_DataOut
    stm32f4xx_cryp_aes.o(i.CRYP_AES_ECB) refers to stm32f4xx_cryp.o(i.CRYP_KeyStructInit) for CRYP_KeyStructInit
    stm32f4xx_cryp_aes.o(i.CRYP_AES_ECB) refers to stm32f4xx_cryp.o(i.CRYP_FIFOFlush) for CRYP_FIFOFlush
    stm32f4xx_cryp_aes.o(i.CRYP_AES_ECB) refers to stm32f4xx_cryp.o(i.CRYP_Init) for CRYP_Init
    stm32f4xx_cryp_aes.o(i.CRYP_AES_ECB) refers to stm32f4xx_cryp.o(i.CRYP_KeyInit) for CRYP_KeyInit
    stm32f4xx_cryp_aes.o(i.CRYP_AES_ECB) refers to stm32f4xx_cryp.o(i.CRYP_Cmd) for CRYP_Cmd
    stm32f4xx_cryp_aes.o(i.CRYP_AES_ECB) refers to stm32f4xx_cryp.o(i.CRYP_GetFlagStatus) for CRYP_GetFlagStatus
    stm32f4xx_cryp_aes.o(i.CRYP_AES_ECB) refers to stm32f4xx_cryp.o(i.CRYP_GetCmdStatus) for CRYP_GetCmdStatus
    stm32f4xx_cryp_aes.o(i.CRYP_AES_ECB) refers to stm32f4xx_cryp.o(i.CRYP_DataIn) for CRYP_DataIn
    stm32f4xx_cryp_aes.o(i.CRYP_AES_ECB) refers to stm32f4xx_cryp.o(i.CRYP_DataOut) for CRYP_DataOut
[...]
    wCRC_Table_UI                            0x0800e7fe   Data         512  rm_cilent_ui.o(.constdata)
    CRC8_INIT                                0x0800ea10   Data           1  crc8_crc16.o(.constdata)
    CRC8_table                               0x0800ea11   Data         256  crc8_crc16.o(.constdata)
    wCRC_table                               0x0800eb12   Data         512  crc8_crc16.o(.constdata)
    sinTable_f32                             0x0800ed20   Data        2052  arm_common_tables.o(.constdata)
    __stdin_name                             0x0800f5b8   Data           4  sys_io.o(.constdata)
    __stdout_name                            0x0800f5bc   Data           4  sys_io.o(.constdata)
    __stderr_name                            0x0800f5c0   Data           4  sys_io.o(.constdata)
    Region$$Table$$Base                      0x0800f5c4   Number         0  anon$$obj.o(Region$$Table)
    Region$$Table$$Limit                     0x0800f5e4   Number         0  anon$$obj.o(Region$$Table)
    SystemCoreClock                          0x20000000   Data           4  system_stm32f4xx.o(.data)
    AHBPrescTable                            0x20000004   Data          16  system_stm32f4xx.o(.data)
    pxCurrentTCB                             0x20000024   Data           4  tasks.o(.data)
    voltage_vrefint_proportion               0x200000a8   Data           4  adc.o(.data)
    FreeRTOSRunTimeTicks                     0x200000f8   Data           8  freertos_middleware.o(.data)
    ChassisTask_Handler                      0x20000104   Data           4  start_task.o(.data)
    GIMBALTask_Handler                       0x20000108   Data           4  start_task.o(.data)
    INSTask_Handler                          0x2000010c   Data           4  start_task.o(.data)
    INSTaskStack                             0x20000128   Data           4  ins_task.o(.data)
    gyro_update_flag                         0x2000012c   Data           1  ins_task.o(.data)
    accel_update_flag                        0x2000012d   Data           1  ins_task.o(.data)
    accel_temp_update_flag                   0x2000012e   Data           1  ins_task.o(.data)
    imu_start_dma_flag                       0x2000012f   Data           1  ins_task.o(.data)
    gyro_scale_factor                        0x20000130   Data          36  ins_task.o(.data)
    accel_scale_factor                       0x20000154   Data          36  ins_task.o(.data)
    mag_scale_factor                         0x20000178   Data          36  ins_task.o(.data)
    temp_set                                 0x2000019d   Data           1  ins_task.o(.data)
    UserTaskStack                            0x200001a0   Data           4  user_task.o(.data)
    local_INS_accel                          0x200001a4   Data           4  user_task.o(.data)
    local_gimbal_control                     0x200001a8   Data           4  user_task.o(.data)
    local_chassis_move                       0x200001ac   Data           4  user_task.o(.data)
    local_rc_ctrl                            0x200001b0   Data           4  user_task.o(.data)
    local_shoot                              0x200001b4   Data           4  user_task.o(.data)
    local_power                              0x200001b8   Data           4  user_task.o(.data)
    local_buffer                             0x200001bc   Data           4  user_task.o(.data)
    init_step                                0x200001c8   Data           1  gimbal_behaviour.o(.data)
    gimbal_high_water                        0x200001e8   Data           4  gimbal_task.o(.data)
    calibrate_task_stack                     0x20000204   Data           4  calibrate_task.o(.data)
    cali_hook_fun                            0x20000230   Data          20  calibrate_task.o(.data)
    battery_voltage                          0x20000260   Data           4  voltage_task.o(.data)
    electricity_percentage                   0x20000264   Data           4  voltage_task.o(.data)
    local_imu_angle                          0x2000026c   Data           4  ros_receive.o(.data)
    referee_receive_header                   0x20000285   Data           5  referee.o(.data)
    referee_send_header                      0x2000028a   Data           5  referee.o(.data)
    game_state                               0x2000028f   Data           3  referee.o(.data)
    game_result                              0x20000292   Data           1  referee.o(.data)
    field_event                              0x20000293   Data           4  referee.o(.data)
    supply_projectile_action_t               0x20000297   Data           4  referee.o(.data)
    referee_warning_t                        0x2000029b   Data           3  referee.o(.data)
    buff_musk_t                              0x2000029e   Data           6  referee.o(.data)
    robot_energy_t                           0x200002a4   Data           2  referee.o(.data)
    robot_hurt_t                             0x200002a6   Data           1  referee.o(.data)
    shoot_data_t                             0x200002a7   Data           6  referee.o(.data)
    bullet_remaining_t                       0x200002ad   Data           6  referee.o(.data)
    student_interactive_data_t               0x200002b3   Data           7  referee.o(.data)
    radar_mark_data_t                        0x200002ba   Data           6  referee.o(.data)
    custom_client_data_t                     0x200002c0   Data           8  referee.o(.data)
    sentry_info_t                            0x200002c8   Data           4  referee.o(.data)
    radar_info_t                             0x200002cc   Data           1  referee.o(.data)
    UI_Seq                                   0x200002d0   Data           1  rm_cilent_ui.o(.data)
    CRC_INIT_UI                              0x200002d2   Data           2  rm_cilent_ui.o(.data)
    BMI088_ACCEL_SEN                         0x200002d4   Data           4  bmi088driver.o(.data)
    BMI088_GYRO_SEN                          0x200002d8   Data           4  bmi088driver.o(.data)
    CRC16_INIT                               0x20000300   Data           2  crc8_crc16.o(.data)
    __aeabi_stdin                            0x20000314   Data           4  stdio_streams.o(.data)
    __aeabi_stdout                           0x20000318   Data           4  stdio_streams.o(.data)
    __aeabi_stderr                           0x2000031c   Data           4  stdio_streams.o(.data)
    xQueueRegistry                           0x20000320   Data          64  queue.o(.bss)
    bmi088_real_data                         0x2000666c   Data          36  ins_task.o(.bss)
    gyro_offset                              0x20006690   Data          12  ins_task.o(.bss)
    gyro_cali_offset                         0x2000669c   Data          12  ins_task.o(.bss)
    accel_offset                             0x200066a8   Data          12  ins_task.o(.bss)
    ist8310_real_data                        0x200066b4   Data          16  ins_task.o(.bss)
    mag_offset                               0x200066c4   Data          12  ins_task.o(.bss)
    INS_angle                                0x20006770   Data          12  ins_task.o(.bss)
    angle_degree                             0x2000677c   Data          12  user_task.o(.bss)
    Power_KalmanInfo_Structure               0x20006788   Data          24  user_task.o(.bss)
    accel_x_kalman                           0x20006884   Data          24  gimbal_behaviour.o(.bss)
    accel_y_kalman                           0x2000689c   Data          24  gimbal_behaviour.o(.bss)
    shoot_control                            0x20006b64   Data         176  shoot.o(.bss)
    game_robot_HP_t                          0x20006ea4   Data          28  referee.o(.bss)
    robot_state                              0x20006ec0   Data          13  referee.o(.bss)
    power_heat_data_t                        0x20006ecd   Data          16  referee.o(.bss)
    game_robot_pos_t                         0x20006edd   Data          12  referee.o(.bss)
    ground_robot_position_t                  0x20006ee9   Data          40  referee.o(.bss)
    map_data_t                               0x20006f11   Data         105  referee.o(.bss)
    custom_info_t                            0x20006f7a   Data          34  referee.o(.bss)
    usart6_buf                               0x20006f9c   Data        1024  referee_usart_task.o(.bss)
    referee_fifo                             0x2000739c   Data          24  referee_usart_task.o(.bss)
    referee_fifo_buf                         0x200073b4   Data        1024  referee_usart_task.o(.bss)
    referee_unpack_obj                       0x200077b4   Data         137  referee_usart_task.o(.bss)
    __stdin                                  0x20007840   Data          84  stdio_streams.o(.bss)
    __stdout                                 0x20007894   Data          84  stdio_streams.o(.bss)
    __stderr                                 0x200078e8   Data          84  stdio_streams.o(.bss)
    __libspace_start                         0x2000793c   Data          96  libspace.o(.bss)
    __temporary_stack_top$libspace           0x2000799c   Data           0  libspace.o(.bss)



==============================================================================

Memory Map of the image

  Image Entry point : 0x08000189

  Load Region LR_IROM1 (Base: 0x08000000, Size: 0x0000f920, Max: 0x00100000, ABSOLUTE, COMPRESSED[0x0000f6a4])

    Execution Region ER_IROM1 (Exec base: 0x08000000, Load base: 0x08000000, Size: 0x0000f600, Max: 0x00100000, ABSOLUTE)

    Exec Addr    Load Addr    Size         Type   Attr      Idx    E Section Name        Object

    0x08000000   0x08000000   0x00000188   Data   RO         5286    RESET               startup_stm32f40_41xxx.o
    0x08000188   0x08000188   0x00000008   Code   RO        10161  * !!!main             c_w.l(__main.o)
    0x08000190   0x08000190   0x00000034   Code   RO        10615    !!!scatter          c_w.l(__scatter.o)
    0x080001c4   0x080001c4   0x0000005a   Code   RO        10613    !!dczerorl2         c_w.l(__dczerorl2.o)
    0x0800021e   0x0800021e   0x00000002   PAD
    0x08000220   0x08000220   0x0000001c   Code   RO        10617    !!handler_zi        c_w.l(__scatter_zi.o)
    0x0800023c   0x0800023c   0x00000000   Code   RO        10144    .ARM.Collect$$_printf_percent$$00000000  c_w.l(_printf_percent.o)
    0x0800023c   0x0800023c   0x00000006   Code   RO        10143    .ARM.Collect$$_printf_percent$$00000003  c_w.l(_printf_f.o)
    0x08000242   0x08000242   0x00000004   Code   RO        10289    .ARM.Collect$$_printf_percent$$00000017  c_w.l(_printf_percent_end.o)
    0x08000246   0x08000246   0x00000002   Code   RO        10546    .ARM.Collect$$libinit$$00000000  c_w.l(libinit.o)
    0x08000248   0x08000248   0x00000004   Code   RO        10298    .ARM.Collect$$libinit$$00000001  c_w.l(libinit2.o)
    0x0800024c   0x0800024c   0x00000000   Code   RO        10301    .ARM.Collect$$libinit$$00000004  c_w.l(libinit2.o)
    0x0800024c   0x0800024c   0x00000008   Code   RO        10302    .ARM.Collect$$libinit$$00000005  c_w.l(libinit2.o)
    0x08000254   0x08000254   0x00000000   Code   RO        10304    .ARM.Collect$$libinit$$0000000A  c_w.l(libinit2.o)
    0x08000254   0x08000254   0x00000000   Code   RO        10306    .ARM.Collect$$libinit$$0000000C  c_w.l(libinit2.o)
    0x08000254   0x08000254   0x00000000   Code   RO        10308    .ARM.Collect$$libinit$$0000000E  c_w.l(libinit2.o)
    0x08000254   0x08000254   0x00000006   Code   RO        10309    .ARM.Collect$$libinit$$0000000F  c_w.l(libinit2.o)
    0x0800025a   0x0800025a   0x00000000   Code   RO        10311    .ARM.Collect$$libinit$$00000011  c_w.l(libinit2.o)
    0x0800025a   0x0800025a   0x00000000   Code   RO        10313    .ARM.Collect$$libinit$$00000013  c_w.l(libinit2.o)
    0x0800025a   0x0800025a   0x00000000   Code   RO        10315    .ARM.Collect$$libinit$$00000015  c_w.l(libinit2.o)
    0x0800025a   0x0800025a   0x0000000a   Code   RO        10316    .ARM.Collect$$libinit$$00000016  c_w.l(libinit2.o)
    0x08000264   0x08000264   0x00000000   Code   RO        10317    .ARM.Collect$$libinit$$00000017  c_w.l(libinit2.o)
    0x08000264   0x08000264   0x00000000   Code   RO        10319    .ARM.Collect$$libinit$$00000019  c_w.l(libinit2.o)
    0x08000264   0x08000264   0x00000000   Code   RO        10321    .ARM.Collect$$libinit$$0000001B  c_w.l(libinit2.o)
    0x08000264   0x08000264   0x00000000   Code   RO        10323    .ARM.Collect$$libinit$$0000001D  c_w.l(libinit2.o)
    0x08000264   0x08000264   0x00000000   Code   RO        10325    .ARM.Collect$$libinit$$0000001F  c_w.l(libinit2.o)
    0x08000264   0x08000264   0x00000000   Code   RO        10327    .ARM.Collect$$libinit$$00000021  c_w.l(libinit2.o)
    0x08000264   0x08000264   0x00000000   Code   RO        10329    .ARM.Collect$$libinit$$00000023  c_w.l(libinit2.o)
    0x08000264   0x08000264   0x00000004   Code   RO        10330    .ARM.Collect$$libinit$$00000024  c_w.l(libinit2.o)
    0x08000268   0x08000268   0x00000000   Code   RO        10331    .ARM.Collect$$libinit$$00000025  c_w.l(libinit2.o)
    0x08000268   0x08000268   0x00000000   Code   RO        10335    .ARM.Collect$$libinit$$0000002C  c_w.l(libinit2.o)
    0x08000268   0x08000268   0x00000000   Code   RO        10337    .ARM.Collect$$libinit$$0000002E  c_w.l(libinit2.o)
    0x08000268   0x08000268   0x00000000   Code   RO        10339    .ARM.Collect$$libinit$$00000030  c_w.l(libinit2.o)
    0x08000268   0x08000268   0x00000000   Code   RO        10341    .ARM.Collect$$libinit$$00000032  c_w.l(libinit2.o)
    0x08000268   0x08000268   0x00000002   Code   RO        10342    .ARM.Collect$$libinit$$00000033  c_w.l(libinit2.o)
    0x0800026a   0x0800026a   0x00000002   Code   RO        10610    .ARM.Collect$$libshutdown$$00000000  c_w.l(libshutdown.o)
    0x0800026c   0x0800026c   0x00000000   Code   RO        10548    .ARM.Collect$$libshutdown$$00000002  c_w.l(libshutdown2.o)
    0x0800026c   0x0800026c   0x00000004   Code   RO        10549    .ARM.Collect$$libshutdown$$00000003  c_w.l(libshutdown2.o)
    0x08000270   0x08000270   0x00000000   Code   RO        10550    .ARM.Collect$$libshutdown$$00000004  c_w.l(libshutdown2.o)
    0x08000270   0x08000270   0x00000000   Code   RO        10553    .ARM.Collect$$libshutdown$$00000007  c_w.l(libshutdown2.o)
    0x08000270   0x08000270   0x00000000   Code   RO        10556    .ARM.Collect$$libshutdown$$0000000A  c_w.l(libshutdown2.o)
    0x08000270   0x08000270   0x00000000   Code   RO        10558    .ARM.Collect$$libshutdown$$0000000C  c_w.l(libshutdown2.o)
    0x08000270   0x08000270   0x00000000   Code   RO        10561    .ARM.Collect$$libshutdown$$0000000F  c_w.l(libshutdown2.o)
    0x08000270   0x08000270   0x00000002   Code   RO        10562    .ARM.Collect$$libshutdown$$00000010  c_w.l(libshutdown2.o)
    0x08000272   0x08000272   0x00000000   Code   RO        10245    .ARM.Collect$$rtentry$$00000000  c_w.l(__rtentry.o)
    0x08000272   0x08000272   0x00000000   Code   RO        10401    .ARM.Collect$$rtentry$$00000002  c_w.l(__rtentry2.o)
    0x08000272   0x08000272   0x00000006   Code   RO        10413    .ARM.Collect$$rtentry$$00000004  c_w.l(__rtentry4.o)
    0x08000278   0x08000278   0x00000000   Code   RO        10403    .ARM.Collect$$rtentry$$00000009  c_w.l(__rtentry2.o)
    0x08000278   0x08000278   0x00000004   Code   RO        10404    .ARM.Collect$$rtentry$$0000000A  c_w.l(__rtentry2.o)
    0x0800027c   0x0800027c   0x00000000   Code   RO        10406    .ARM.Collect$$rtentry$$0000000C  c_w.l(__rtentry2.o)
    0x0800027c   0x0800027c   0x00000008   Code   RO        10407    .ARM.Collect$$rtentry$$0000000D  c_w.l(__rtentry2.o)
    0x08000284   0x08000284   0x00000002   Code   RO        10565    .ARM.Collect$$rtexit$$00000000  c_w.l(rtexit.o)
    0x08000286   0x08000286   0x00000000   Code   RO        10586    .ARM.Collect$$rtexit$$00000002  c_w.l(rtexit2.o)
    0x08000286   0x08000286   0x00000004   Code   RO        10587    .ARM.Collect$$rtexit$$00000003  c_w.l(rtexit2.o)
    0x0800028a   0x0800028a   0x00000006   Code   RO        10588    .ARM.Collect$$rtexit$$00000004  c_w.l(rtexit2.o)
    0x08000290   0x08000290   0x000000b6   Code   RO         6259    .emb_text           port.o
    0x08000346   0x08000346   0x00000002   PAD
    0x08000348   0x08000348   0x00000000   Code   RO        10429    .emb_text           c_w.l(maybetermalloc1.o)
    0x08000348   0x08000348   0x00000040   Code   RO         5287    .text               startup_stm32f40_41xxx.o
    0x08000388   0x08000388   0x00000078   Code   RO         9885    .text               arm_cortexM4lf_math.lib(arm_cos_f32.o)
    0x08000400   0x08000400   0x00000074   Code   RO         9938    .text               arm_cortexM4lf_math.lib(arm_sin_f32.o)
    0x08000474   0x08000474   0x0000005e   Code   RO        10047    .text               c_w.l(h1_alloc.o)
    0x080004d2   0x080004d2   0x0000004e   Code   RO        10049    .text               c_w.l(h1_free.o)
    0x08000520   0x08000520   0x00000018   Code   RO        10111    .text               c_w.l(noretval__2printf.o)
    0x08000538   0x08000538   0x0000010e   Code   RO        10129    .text               c_w.l(__printf_wp.o)
    0x08000646   0x08000646   0x0000003e   Code   RO        10147    .text               c_w.l(strlen.o)
    0x08000684   0x08000684   0x0000008a   Code   RO        10149    .text               c_w.l(rt_memcpy_v6.o)
    0x0800070e   0x0800070e   0x00000064   Code   RO        10151    .text               c_w.l(rt_memcpy_w.o)
    0x08000772   0x08000772   0x00000010   Code   RO        10153    .text               c_w.l(aeabi_memset.o)
    0x08000782   0x08000782   0x00000044   Code   RO        10155    .text               c_w.l(rt_memclr.o)
    0x080007c6   0x080007c6   0x0000004e   Code   RO        10157    .text               c_w.l(rt_memclr_w.o)
    0x08000814   0x08000814   0x00000006   Code   RO        10159    .text               c_w.l(heapauxi.o)
    0x0800081a   0x0800081a   0x00000002   PAD
    0x0800081c   0x0800081c   0x00000008   Code   RO        10253    .text               c_w.l(rt_heap_descriptor_intlibspace.o)
    0x08000824   0x08000824   0x00000004   Code   RO        10255    .text               c_w.l(hguard.o)
    0x08000828   0x08000828   0x0000008a   Code   RO        10257    .text               c_w.l(init_alloc.o)
    0x080008b2   0x080008b2   0x0000000e   Code   RO        10261    .text               c_w.l(h1_init.o)
    0x080008c0   0x080008c0   0x00000016   Code   RO        10275    .text               c_w.l(_rserrno.o)
    0x080008d6   0x080008d6   0x0000041e   Code   RO        10279    .text               c_w.l(_printf_fp_dec.o)
    0x08000cf4   0x08000cf4   0x00000030   Code   RO        10281    .text               c_w.l(_printf_char_common.o)
    0x08000d24   0x08000d24   0x00000024   Code   RO        10287    .text               c_w.l(_printf_char_file.o)
    0x08000d48   0x08000d48   0x00000008   Code   RO        10397    .text               c_w.l(libspace.o)
    0x08000d50   0x08000d50   0x00000008   Code   RO        10420    .text               c_w.l(rt_locale_intlibspace.o)
    0x08000d58   0x08000d58   0x00000008   Code   RO        10425    .text               c_w.l(rt_errno_addr_intlibspace.o)
    0x08000d60   0x08000d60   0x00000034   Code   RO        10431    .text               c_w.l(h1_extend.o)
    0x08000d94   0x08000d94   0x0000008a   Code   RO        10435    .text               c_w.l(lludiv10.o)
    0x08000e1e   0x08000e1e   0x00000002   PAD
    0x08000e20   0x08000e20   0x00000030   Code   RO        10437    .text               c_w.l(_fptrap.o)
    0x08000e50   0x08000e50   0x00000080   Code   RO        10439    .text               c_w.l(_printf_fp_infnan.o)
    0x08000ed0   0x08000ed0   0x000000e4   Code   RO        10443    .text               c_w.l(bigflt0.o)
    0x08000fb4   0x08000fb4   0x00000008   Code   RO        10468    .text               c_w.l(ferror.o)
    0x08000fbc   0x08000fbc   0x00000138   Code   RO        10470    .text               c_w.l(initio.o)
    0x080010f4   0x080010f4   0x0000000e   Code   RO        10479    .text               c_w.l(defsig_rtmem_outer.o)
    0x08001102   0x08001102   0x00000066   Code   RO        10496    .text               c_w.l(sys_io.o)
    0x08001168   0x08001168   0x00000002   Code   RO        10501    .text               c_w.l(use_no_semi.o)
    0x0800116a   0x0800116a   0x00000000   Code   RO        10503    .text               c_w.l(indicate_semi.o)
    0x0800116a   0x0800116a   0x0000004a   Code   RO        10504    .text               c_w.l(sys_stackheap_outer.o)
    0x080011b4   0x080011b4   0x00000046   Code   RO        10510    .text               c_w.l(setvbuf.o)
    0x080011fa   0x080011fa   0x00000002   PAD
    0x080011fc   0x080011fc   0x000000ec   Code   RO        10513    .text               c_w.l(fopen.o)
    0x080012e8   0x080012e8   0x0000004c   Code   RO        10515    .text               c_w.l(fclose.o)
    0x08001334   0x08001334   0x00000012   Code   RO        10521    .text               c_w.l(exit.o)
    0x08001346   0x08001346   0x0000000a   Code   RO        10523    .text               c_w.l(defsig_exit.o)
    0x08001350   0x08001350   0x0000000e   Code   RO        10525    .text               c_w.l(defsig_fpe_outer.o)
    0x0800135e   0x0800135e   0x0000000e   Code   RO        10529    .text               c_w.l(defsig_rtred_outer.o)
    0x0800136c   0x0800136c   0x00000050   Code   RO        10533    .text               c_w.l(defsig_rtmem_inner.o)
    0x080013bc   0x080013bc   0x00000080   Code   RO        10535    .text               c_w.l(strcmpv7m.o)
    0x0800143c   0x0800143c   0x0000000c   Code   RO        10563    .text               c_w.l(sys_exit.o)
    0x08001448   0x08001448   0x000000f8   Code   RO        10571    .text               c_w.l(fseek.o)
    0x08001540   0x08001540   0x000000f0   Code   RO        10573    .text               c_w.l(stdio.o)
    0x08001630   0x08001630   0x00000032   Code   RO        10577    .text               c_w.l(defsig_general.o)
    0x08001662   0x08001662   0x00000002   PAD
    0x08001664   0x08001664   0x000000ac   Code   RO        10579    .text               c_w.l(defsig_fpe_inner.o)
    0x08001710   0x08001710   0x00000034   Code   RO        10581    .text               c_w.l(defsig_rtred_inner.o)
    0x08001744   0x08001744   0x0000000e   Code   RO        10583    .text               c_w.l(sys_wrch.o)
    0x08001752   0x08001752   0x00000042   Code   RO        10592    .text               c_w.l(ftell.o)
    0x08001794   0x08001794   0x0000003e   Code   RO        10446    CL$$btod_d2e        c_w.l(btod.o)
    0x080017d2   0x080017d2   0x00000046   Code   RO        10448    CL$$btod_d2e_denorm_low  c_w.l(btod.o)
    0x08001818   0x08001818   0x00000060   Code   RO        10447    CL$$btod_d2e_norm_op1  c_w.l(btod.o)
    0x08001878   0x08001878   0x00000338   Code   RO        10456    CL$$btod_div_common  c_w.l(btod.o)
    0x08001bb0   0x08001bb0   0x000000dc   Code   RO        10453    CL$$btod_e2e        c_w.l(btod.o)
    0x08001c8c   0x08001c8c   0x0000002a   Code   RO        10450    CL$$btod_ediv       c_w.l(btod.o)
    0x08001cb6   0x08001cb6   0x0000002a   Code   RO        10449    CL$$btod_emul       c_w.l(btod.o)
    0x08001ce0   0x08001ce0   0x00000244   Code   RO        10455    CL$$btod_mult_common  c_w.l(btod.o)
    0x08001f24   0x08001f24   0x00000006   Code   RO          334    i.ADC_ClearFlag     stm32f4xx_adc.o
    0x08001f2a   0x08001f2a   0x00000016   Code   RO          336    i.ADC_Cmd           stm32f4xx_adc.o
    0x08001f40   0x08001f40   0x00000030   Code   RO          337    i.ADC_CommonInit    stm32f4xx_adc.o
    0x08001f70   0x08001f70   0x00000008   Code   RO          348    i.ADC_GetConversionValue  stm32f4xx_adc.o
    0x08001f78   0x08001f78   0x00000012   Code   RO          349    i.ADC_GetFlagStatus  stm32f4xx_adc.o
    0x08001f8a   0x08001f8a   0x00000002   PAD
    0x08001f8c   0x08001f8c   0x00000054   Code   RO          356    i.ADC_Init          stm32f4xx_adc.o
    0x08001fe0   0x08001fe0   0x000000b8   Code   RO          361    i.ADC_RegularChannelConfig  stm32f4xx_adc.o
    0x08002098   0x08002098   0x0000000a   Code   RO          363    i.ADC_SoftwareStartConv  stm32f4xx_adc.o
    0x080020a2   0x080020a2   0x00000002   PAD
    0x080020a4   0x080020a4   0x0000002c   Code   RO          366    i.ADC_TempSensorVrefintCmd  stm32f4xx_adc.o
    0x080020d0   0x080020d0   0x00000018   Code   RO         9216    i.AHRS_asinf        ahrs_middleware.o
    0x080020e8   0x080020e8   0x00000020   Code   RO         9217    i.AHRS_atan2f       ahrs_middleware.o
    0x08002108   0x08002108   0x00000018   Code   RO         9218    i.AHRS_cosf         ahrs_middleware.o
    0x08002120   0x08002120   0x0000001a   Code   RO         9795    i.AHRS_fabs         AHRS.lib(ahrs.o)
    0x0800213a   0x0800213a   0x00000002   PAD
    0x0800213c   0x0800213c   0x00000010   Code   RO         9219    i.AHRS_get_height   ahrs_middleware.o
    0x0800214c   0x0800214c   0x00000010   Code   RO         9220    i.AHRS_get_latitude  ahrs_middleware.o
    0x0800215c   0x0800215c   0x0000029c   Code   RO         9796    i.AHRS_init         AHRS.lib(ahrs.o)
    0x080023f8   0x080023f8   0x0000003c   Code   RO         9221    i.AHRS_invSqrt      ahrs_middleware.o
    0x08002434   0x08002434   0x00000018   Code   RO         9222    i.AHRS_sinf         ahrs_middleware.o
    0x0800244c   0x0800244c   0x0000013a   Code   RO         9797    i.AHRS_update       AHRS.lib(ahrs.o)
    0x08002586   0x08002586   0x00000002   PAD
    0x08002588   0x08002588   0x00000014   Code   RO         9030    i.BMI088_ACCEL_NS_H  bmi088middleware.o
    0x0800259c   0x0800259c   0x00000014   Code   RO         9031    i.BMI088_ACCEL_NS_L  bmi088middleware.o
    0x080025b0   0x080025b0   0x00000044   Code   RO         9032    i.BMI088_GPIO_init  bmi088middleware.o
    0x080025f4   0x080025f4   0x00000014   Code   RO         9033    i.BMI088_GYRO_NS_H  bmi088middleware.o
    0x08002608   0x08002608   0x00000014   Code   RO         9034    i.BMI088_GYRO_NS_L  bmi088middleware.o
    0x0800261c   0x0800261c   0x00000008   Code   RO         9035    i.BMI088_com_init   bmi088middleware.o
    0x08002624   0x08002624   0x0000001a   Code   RO         9036    i.BMI088_delay_ms   bmi088middleware.o
    0x0800263e   0x0800263e   0x0000004a   Code   RO         9037    i.BMI088_delay_us   bmi088middleware.o
    0x08002688   0x08002688   0x00000034   Code   RO         8905    i.BMI088_init       bmi088driver.o
    0x080026bc   0x080026bc   0x0000017c   Code   RO         8906    i.BMI088_read       bmi088driver.o
    0x08002838   0x08002838   0x00000026   Code   RO         8909    i.BMI088_read_muli_reg  bmi088driver.o
    0x0800285e   0x0800285e   0x00000018   Code   RO         8910    i.BMI088_read_single_reg  bmi088driver.o
    0x08002876   0x08002876   0x00000010   Code   RO         9038    i.BMI088_read_write_byte  bmi088middleware.o
    0x08002886   0x08002886   0x00000014   Code   RO         8912    i.BMI088_write_single_reg  bmi088driver.o
    0x0800289a   0x0800289a   0x00000056   Code   RO         9422    i.BSP_Init          main.o
    0x080028f0   0x080028f0   0x00000004   Code   RO            4    i.BusFault_Handler  stm32f4xx_it.o
    0x080028f4   0x080028f4   0x00000030   Code   RO         7639    i.CAN1_RX0_IRQHandler  can_receive.o
    0x08002924   0x08002924   0x00000100   Code   RO         6596    i.CAN1_mode_init    can.o
    0x08002a24   0x08002a24   0x00000030   Code   RO         7640    i.CAN2_RX0_IRQHandler  can_receive.o
    0x08002a54   0x08002a54   0x00000064   Code   RO         7641    i.CAN_CMD_CHASSIS   can_receive.o
    0x08002ab8   0x08002ab8   0x00000050   Code   RO         7642    i.CAN_CMD_CHASSIS_RESET_ID  can_receive.o
    0x08002b08   0x08002b08   0x0000004c   Code   RO         7643    i.CAN_CMD_GIMBAL    can_receive.o
    0x08002b54   0x08002b54   0x000000a8   Code   RO          578    i.CAN_ClearITPendingBit  stm32f4xx_can.o
    0x08002bfc   0x08002bfc   0x00000108   Code   RO          582    i.CAN_FilterInit    stm32f4xx_can.o
    0x08002d04   0x08002d04   0x00000120   Code   RO          584    i.CAN_GetITStatus   stm32f4xx_can.o
    0x08002e24   0x08002e24   0x00000012   Code   RO          588    i.CAN_ITConfig      stm32f4xx_can.o
    0x08002e36   0x08002e36   0x00000114   Code   RO          589    i.CAN_Init          stm32f4xx_can.o
    0x08002f4a   0x08002f4a   0x000000f0   Code   RO          592    i.CAN_Receive       stm32f4xx_can.o
    0x0800303a   0x0800303a   0x00000126   Code   RO          597    i.CAN_Transmit      stm32f4xx_can.o
    0x08003160   0x08003160   0x00000160   Code   RO         7644    i.CAN_hook          can_receive.o
    0x080032c0   0x080032c0   0x00000030   Code   RO         7315    i.Camera_trigger_set  camera_trigger.o
    0x080032f0   0x080032f0   0x00000010   Code   RO         7316    i.Camera_trigger_start  camera_trigger.o
    0x08003300   0x08003300   0x00000012   Code   RO          600    i.CheckITStatus     stm32f4xx_can.o
    0x08003312   0x08003312   0x00000098   Code   RO         8788    i.Circle_Draw       rm_cilent_ui.o
    0x080033aa   0x080033aa   0x00000002   PAD
    0x080033ac   0x080033ac   0x00000014   Code   RO         7360    i.ConfigureTimeForRunTimeStats  freertos_middleware.o
    0x080033c0   0x080033c0   0x00000034   Code   RO         1355    i.DMA_ClearFlag     stm32f4xx_dma.o
    0x080033f4   0x080033f4   0x00000016   Code   RO         1357    i.DMA_Cmd           stm32f4xx_dma.o
    0x0800340a   0x0800340a   0x00000002   PAD
    0x0800340c   0x0800340c   0x00000158   Code   RO         1358    i.DMA_DeInit        stm32f4xx_dma.o
    0x08003564   0x08003564   0x00000016   Code   RO         1359    i.DMA_DoubleBufferModeCmd  stm32f4xx_dma.o
    0x0800357a   0x0800357a   0x00000018   Code   RO         1360    i.DMA_DoubleBufferModeConfig  stm32f4xx_dma.o
    0x08003592   0x08003592   0x00000008   Code   RO         1363    i.DMA_GetCurrDataCounter  stm32f4xx_dma.o
    0x0800359a   0x0800359a   0x00000014   Code   RO         1364    i.DMA_GetCurrentMemoryTarget  stm32f4xx_dma.o
    0x080035ae   0x080035ae   0x00000002   PAD
    0x080035b0   0x080035b0   0x00000058   Code   RO         1369    i.DMA_Init          stm32f4xx_dma.o
    0x08003608   0x08003608   0x00000004   Code   RO         1372    i.DMA_SetCurrDataCounter  stm32f4xx_dma.o
    0x0800360c   0x0800360c   0x00000064   Code   RO         7187    i.DWT_CNT_Update    dwt.o
    0x08003670   0x08003670   0x0000007c   Code   RO         7194    i.DWT_Init          dwt.o
    0x080036ec   0x080036ec   0x00000002   Code   RO            5    i.DebugMon_Handler  stm32f4xx_it.o
    0x080036ee   0x080036ee   0x00000018   Code   RO         6755    i.EXTI0_IRQHandler  key.o
    0x08003706   0x08003706   0x00000002   PAD
    0x08003708   0x08003708   0x0000000c   Code   RO         1644    i.EXTI_ClearITPendingBit  stm32f4xx_exti.o
    0x08003714   0x08003714   0x00000018   Code   RO         1648    i.EXTI_GetITStatus  stm32f4xx_exti.o
    0x0800372c   0x0800372c   0x00000094   Code   RO         1649    i.EXTI_Init         stm32f4xx_exti.o
    0x080037c0   0x080037c0   0x0000000c   Code   RO         1709    i.FLASH_ClearFlag   stm32f4xx_flash.o
    0x080037cc   0x080037cc   0x00000088   Code   RO         1715    i.FLASH_EraseSector  stm32f4xx_flash.o
    0x08003854   0x08003854   0x00000054   Code   RO         1717    i.FLASH_GetStatus   stm32f4xx_flash.o
    0x080038a8   0x080038a8   0x00000014   Code   RO         1721    i.FLASH_Lock        stm32f4xx_flash.o
    0x080038bc   0x080038bc   0x00000050   Code   RO         1745    i.FLASH_ProgramWord  stm32f4xx_flash.o
    0x0800390c   0x0800390c   0x00000024   Code   RO         1747    i.FLASH_Unlock      stm32f4xx_flash.o
    0x08003930   0x08003930   0x00000022   Code   RO         1748    i.FLASH_WaitForLastOperation  stm32f4xx_flash.o
    0x08003952   0x08003952   0x00000070   Code   RO         7924    i.GIMBAL_Control_loop  gimbal_task.o
    0x080039c2   0x080039c2   0x00000002   PAD
    0x080039c4   0x080039c4   0x00000120   Code   RO         7925    i.GIMBAL_Feedback_Update  gimbal_task.o
    0x08003ae4   0x08003ae4   0x000001a0   Code   RO         7926    i.GIMBAL_Init       gimbal_task.o
    0x08003c84   0x08003c84   0x000000c0   Code   RO         7927    i.GIMBAL_Mode_Change_Control_Transit  gimbal_task.o
    0x08003d44   0x08003d44   0x000000bc   Code   RO         7928    i.GIMBAL_PID_Calc   gimbal_task.o
    0x08003e00   0x08003e00   0x00000030   Code   RO         7929    i.GIMBAL_PID_Init   gimbal_task.o
    0x08003e30   0x08003e30   0x000000a0   Code   RO         7930    i.GIMBAL_Set_Contorl  gimbal_task.o
    0x08003ed0   0x08003ed0   0x00000012   Code   RO         7931    i.GIMBAL_Set_Mode   gimbal_task.o
    0x08003ee2   0x08003ee2   0x00000002   PAD
    0x08003ee4   0x08003ee4   0x000000f4   Code   RO         7932    i.GIMBAL_absolute_angle_limit  gimbal_task.o
    0x08003fd8   0x08003fd8   0x00000064   Code   RO         7933    i.GIMBAL_relative_angle_limit  gimbal_task.o
    0x0800403c   0x0800403c   0x0000004c   Code   RO         7934    i.GIMBAL_rotation_angle_set  gimbal_task.o
    0x08004088   0x08004088   0x000000a0   Code   RO         7935    i.GIMBAL_task       gimbal_task.o
    0x08004128   0x08004128   0x00000090   Code   RO         2157    i.GPIO_Init         stm32f4xx_gpio.o
    0x080041b8   0x080041b8   0x00000046   Code   RO         2158    i.GPIO_PinAFConfig  stm32f4xx_gpio.o
    0x080041fe   0x080041fe   0x00000004   Code   RO         2164    i.GPIO_ResetBits    stm32f4xx_gpio.o
    0x08004202   0x08004202   0x00000004   Code   RO         2165    i.GPIO_SetBits      stm32f4xx_gpio.o
    0x08004206   0x08004206   0x00000008   Code   RO         2167    i.GPIO_ToggleBits   stm32f4xx_gpio.o
    0x0800420e   0x0800420e   0x0000000a   Code   RO         2169    i.GPIO_WriteBit     stm32f4xx_gpio.o
    0x08004218   0x08004218   0x000001d0   Code   RO         6340    i.GetSector         flash.o
    0x080043e8   0x080043e8   0x00000034   Code   RO         8790    i.Get_CRC16_Check_Sum_UI  rm_cilent_ui.o
    0x0800441c   0x0800441c   0x00000024   Code   RO         8791    i.Get_CRC8_Check_Sum_UI  rm_cilent_ui.o
    0x08004440   0x08004440   0x000001d4   Code   RO         6341    i.Get_Next_Flash_Address  flash.o
    0x08004614   0x08004614   0x00000030   Code   RO         7936    i.Gimbal_PID_clear  gimbal_task.o
    0x08004644   0x08004644   0x00000004   Code   RO            6    i.HardFault_Handler  stm32f4xx_it.o
    0x08004648   0x08004648   0x0000024c   Code   RO         7472    i.INSTask           ins_task.o
    0x08004894   0x08004894   0x0000007c   Code   RO         7473    i.INS_cali_gyro     ins_task.o
    0x08004910   0x08004910   0x00000048   Code   RO         7474    i.INS_set_cali_gyro  ins_task.o
    0x08004958   0x08004958   0x00000062   Code   RO         9398    i.Kalman_Filter_Fun  kalman_filter.o
    0x080049ba   0x080049ba   0x00000002   PAD
    0x080049bc   0x080049bc   0x00000044   Code   RO         9399    i.Kalman_Filter_Init  kalman_filter.o
    0x08004a00   0x08004a00   0x00000040   Code   RO         7148    i.Laser_Init        laser.o
    0x08004a40   0x08004a40   0x00000014   Code   RO         7149    i.Laser_Off         laser.o
    0x08004a54   0x08004a54   0x00000014   Code   RO         7150    i.Laser_On          laser.o
    0x08004a68   0x08004a68   0x00000004   Code   RO            7    i.MemManage_Handler  stm32f4xx_it.o
    0x08004a6c   0x08004a6c   0x00000002   Code   RO            8    i.NMI_Handler       stm32f4xx_it.o
    0x08004a6e   0x08004a6e   0x00000002   PAD
    0x08004a70   0x08004a70   0x00000078   Code   RO          282    i.NVIC_Init         misc.o
    0x08004ae8   0x08004ae8   0x00000014   Code   RO          283    i.NVIC_PriorityGroupConfig  misc.o
    0x08004afc   0x08004afc   0x000001f0   Code   RO         8876    i.PID_Calc          pid.o
    0x08004cec   0x08004cec   0x00000060   Code   RO         8877    i.PID_Init          pid.o
    0x08004d4c   0x08004d4c   0x0000004c   Code   RO         8878    i.PID_clear         pid.o
    0x08004d98   0x08004d98   0x00000020   Code   RO         3083    i.RCC_AHB1PeriphClockCmd  stm32f4xx_rcc.o
    0x08004db8   0x08004db8   0x00000020   Code   RO         3092    i.RCC_APB1PeriphClockCmd  stm32f4xx_rcc.o
    0x08004dd8   0x08004dd8   0x00000020   Code   RO         3094    i.RCC_APB1PeriphResetCmd  stm32f4xx_rcc.o
    0x08004df8   0x08004df8   0x00000020   Code   RO         3095    i.RCC_APB2PeriphClockCmd  stm32f4xx_rcc.o
    0x08004e18   0x08004e18   0x00000020   Code   RO         3097    i.RCC_APB2PeriphResetCmd  stm32f4xx_rcc.o
    0x08004e38   0x08004e38   0x000000e8   Code   RO         3104    i.RCC_GetClocksFreq  stm32f4xx_rcc.o
    0x08004f20   0x08004f20   0x00000138   Code   RO         6496    i.RC_Init           rc.o
    0x08005058   0x08005058   0x000002a0   Code   RO         8086    i.RC_cmd_to_calibrate  calibrate_task.o
    0x080052f8   0x080052f8   0x00000010   Code   RO         6498    i.RC_unable         rc.o
    0x08005308   0x08005308   0x00000014   Code   RO         8277    i.ROS_Init          ros_receive.o
    0x0800531c   0x0800531c   0x000000cc   Code   RO         6535    i.ROS_Receive_Init  uart1.o
    0x080053e8   0x080053e8   0x000000da   Code   RO         7730    i.SBUS_TO_RC        remote_control.o
    0x080054c2   0x080054c2   0x00000002   PAD
    0x080054c4   0x080054c4   0x000000c4   Code   RO         6794    i.SPI1_Init         spi.o
    0x08005588   0x08005588   0x00000054   Code   RO         6796    i.SPI1_ReadWriteByte  spi.o
    0x080055dc   0x080055dc   0x00000030   Code   RO         6797    i.SPI1_SetSpeedAndDataSize  spi.o
    0x0800560c   0x0800560c   0x00000018   Code   RO         4241    i.SPI_Cmd           stm32f4xx_spi.o
    0x08005624   0x08005624   0x00000012   Code   RO         4249    i.SPI_I2S_GetFlagStatus  stm32f4xx_spi.o
    0x08005636   0x08005636   0x00000006   Code   RO         4252    i.SPI_I2S_ReceiveData  stm32f4xx_spi.o
    0x0800563c   0x0800563c   0x00000004   Code   RO         4253    i.SPI_I2S_SendData  stm32f4xx_spi.o
    0x08005640   0x08005640   0x0000003c   Code   RO         4254    i.SPI_Init          stm32f4xx_spi.o
    0x0800567c   0x0800567c   0x00000040   Code   RO         4406    i.SYSCFG_EXTILineConfig  stm32f4xx_syscfg.o
    0x080056bc   0x080056bc   0x00000080   Code   RO         8278    i.Send_Gimbal_Angle  ros_receive.o
    0x0800573c   0x0800573c   0x00000030   Code   RO         6538    i.Serial_SendData   uart1.o
    0x0800576c   0x0800576c   0x000000ec   Code   RO          171    i.SetSysClock       system_stm32f4xx.o
    0x08005858   0x08005858   0x00000028   Code   RO          286    i.SysTick_CLKSourceConfig  misc.o
    0x08005880   0x08005880   0x00000010   Code   RO         7361    i.SysTick_Handler   freertos_middleware.o
    0x08005890   0x08005890   0x00000068   Code   RO          173    i.SystemInit        system_stm32f4xx.o
    0x080058f8   0x080058f8   0x00000030   Code   RO         7362    i.TIM3_IRQHandler   freertos_middleware.o
    0x08005928   0x08005928   0x000000ac   Code   RO         7288    i.TIM3_Init         timer.o
    0x080059d4   0x080059d4   0x00000024   Code   RO         7645    i.TIM6_DAC_IRQHandler  can_receive.o
    0x080059f8   0x080059f8   0x0000003c   Code   RO         8279    i.TIM8_UP_TIM13_IRQHandler  ros_receive.o
    0x08005a34   0x08005a34   0x00000018   Code   RO         4467    i.TIM_ARRPreloadConfig  stm32f4xx_tim.o
    0x08005a4c   0x08005a4c   0x00000006   Code   RO         4473    i.TIM_ClearFlag     stm32f4xx_tim.o
    0x08005a52   0x08005a52   0x00000006   Code   RO         4474    i.TIM_ClearITPendingBit  stm32f4xx_tim.o
    0x08005a58   0x08005a58   0x00000018   Code   RO         4479    i.TIM_Cmd           stm32f4xx_tim.o
    0x08005a70   0x08005a70   0x0000001e   Code   RO         4481    i.TIM_CtrlPWMOutputs  stm32f4xx_tim.o
    0x08005a8e   0x08005a8e   0x00000022   Code   RO         4500    i.TIM_GetITStatus   stm32f4xx_tim.o
    0x08005ab0   0x08005ab0   0x00000012   Code   RO         4504    i.TIM_ITConfig      stm32f4xx_tim.o
    0x08005ac2   0x08005ac2   0x00000002   PAD
    0x08005ac4   0x08005ac4   0x0000007c   Code   RO         4508    i.TIM_OC1Init       stm32f4xx_tim.o
    0x08005b40   0x08005b40   0x00000012   Code   RO         4511    i.TIM_OC1PreloadConfig  stm32f4xx_tim.o
    0x08005b52   0x08005b52   0x00000002   PAD
    0x08005b54   0x08005b54   0x000000a4   Code   RO         4513    i.TIM_OC2Init       stm32f4xx_tim.o
    0x08005bf8   0x08005bf8   0x0000001a   Code   RO         4516    i.TIM_OC2PreloadConfig  stm32f4xx_tim.o
    0x08005c12   0x08005c12   0x00000002   PAD
    0x08005c14   0x08005c14   0x000000a0   Code   RO         4518    i.TIM_OC3Init       stm32f4xx_tim.o
    0x08005cb4   0x08005cb4   0x00000012   Code   RO         4521    i.TIM_OC3PreloadConfig  stm32f4xx_tim.o
    0x08005cc6   0x08005cc6   0x00000014   Code   RO         4526    i.TIM_OCStructInit  stm32f4xx_tim.o
    0x08005cda   0x08005cda   0x00000004   Code   RO         4541    i.TIM_SetCompare1   stm32f4xx_tim.o
    0x08005cde   0x08005cde   0x00000004   Code   RO         4542    i.TIM_SetCompare2   stm32f4xx_tim.o
    0x08005ce2   0x08005ce2   0x00000004   Code   RO         4543    i.TIM_SetCompare3   stm32f4xx_tim.o
    0x08005ce6   0x08005ce6   0x00000002   PAD
    0x08005ce8   0x08005ce8   0x00000084   Code   RO         4551    i.TIM_TimeBaseInit  stm32f4xx_tim.o
    0x08005d6c   0x08005d6c   0x000000a0   Code   RO         6539    i.UART1_Init        uart1.o
    0x08005e0c   0x08005e0c   0x00000068   Code   RO         8280    i.UART_to_ROS_Msg   ros_receive.o
    0x08005e74   0x08005e74   0x00000154   Code   RO         8795    i.UI_ReFresh        rm_cilent_ui.o
    0x08005fc8   0x08005fc8   0x00000020   Code   RO         8796    i.UI_SendByte       rm_cilent_ui.o
    0x08005fe8   0x08005fe8   0x00000060   Code   RO         8746    i.UI_Task           ui_task.o
    0x08006048   0x08006048   0x000000e4   Code   RO         8281    i.USART1_IRQHandler  ros_receive.o
    0x0800612c   0x0800612c   0x000000ec   Code   RO         7731    i.USART3_IRQHandler  remote_control.o
    0x08006218   0x08006218   0x000000d0   Code   RO         8625    i.USART6_IRQHandler  referee_usart_task.o
    0x080062e8   0x080062e8   0x00000012   Code   RO         5029    i.USART_ClearFlag   stm32f4xx_usart.o
    0x080062fa   0x080062fa   0x00000018   Code   RO         5033    i.USART_Cmd         stm32f4xx_usart.o
    0x08006312   0x08006312   0x00000012   Code   RO         5034    i.USART_DMACmd      stm32f4xx_usart.o
    0x08006324   0x08006324   0x000000f0   Code   RO         5035    i.USART_DeInit      stm32f4xx_usart.o
    0x08006414   0x08006414   0x0000001a   Code   RO         5036    i.USART_GetFlagStatus  stm32f4xx_usart.o
    0x0800642e   0x0800642e   0x00000054   Code   RO         5037    i.USART_GetITStatus  stm32f4xx_usart.o
    0x08006482   0x08006482   0x0000004a   Code   RO         5039    i.USART_ITConfig    stm32f4xx_usart.o
    0x080064cc   0x080064cc   0x000000d4   Code   RO         5040    i.USART_Init        stm32f4xx_usart.o
    0x080065a0   0x080065a0   0x0000000a   Code   RO         5047    i.USART_ReceiveData  stm32f4xx_usart.o
    0x080065aa   0x080065aa   0x00000008   Code   RO         5050    i.USART_SendData    stm32f4xx_usart.o
    0x080065b2   0x080065b2   0x00000004   Code   RO            9    i.UsageFault_Handler  stm32f4xx_it.o
    0x080065b6   0x080065b6   0x00000002   PAD
    0x080065b8   0x080065b8   0x000000c0   Code   RO         7590    i.UserTask          user_task.o
    0x08006678   0x08006678   0x00000030   Code   RO        10494    i.__ARM_fpclassify  m_wm.l(fpclassify.o)
    0x080066a8   0x080066a8   0x00000026   Code   RO        10364    i.__ARM_fpclassifyf  m_wm.l(fpclassifyf.o)
    0x080066ce   0x080066ce   0x00000006   Code   RO         9519    i.__get_PRIMASK     fifo.o
    0x080066d4   0x080066d4   0x0000012c   Code   RO        10201    i.__hardfp_asinf    m_wm.l(asinf.o)
    0x08006800   0x08006800   0x00000250   Code   RO        10213    i.__hardfp_atan2f   m_wm.l(atan2f.o)
    0x08006a50   0x08006a50   0x00000014   Code   RO        10225    i.__hardfp_fabs     m_wm.l(fabs.o)
    0x08006a64   0x08006a64   0x00000006   Code   RO        10367    i.__mathlib_flt_infnan  m_wm.l(funder.o)
    0x08006a6a   0x08006a6a   0x00000006   Code   RO        10368    i.__mathlib_flt_infnan2  m_wm.l(funder.o)
    0x08006a70   0x08006a70   0x00000010   Code   RO        10369    i.__mathlib_flt_invalid  m_wm.l(funder.o)
    0x08006a80   0x08006a80   0x00000010   Code   RO        10372    i.__mathlib_flt_underflow  m_wm.l(funder.o)
    0x08006a90   0x08006a90   0x00000006   Code   RO         9520    i.__set_PRIMASK     fifo.o
    0x08006a96   0x08006a96   0x0000000e   Code   RO        10131    i._is_digit         c_w.l(__printf_wp.o)
    0x08006aa4   0x08006aa4   0x00000030   Code   RO         9302    i.abs_limit         user_lib.o
    0x08006ad4   0x08006ad4   0x000001d0   Code   RO         9798    i.accel_comple_filter  AHRS.lib(ahrs.o)
    0x08006ca4   0x08006ca4   0x0000018c   Code   RO         9799    i.accel_update_kp_ki  AHRS.lib(ahrs.o)
    0x08006e30   0x08006e30   0x0000016c   Code   RO         9800    i.angle_to_quat     AHRS.lib(ahrs.o)
    0x08006f9c   0x08006f9c   0x00000044   Code   RO         8238    i.battery_voltage_task  voltage_task.o
    0x08006fe0   0x08006fe0   0x00000134   Code   RO         8913    i.bmi088_accel_init  bmi088driver.o
    0x08007114   0x08007114   0x000002fc   Code   RO         8914    i.bmi088_accel_self_test  bmi088driver.o
    0x08007410   0x08007410   0x000000f4   Code   RO         8915    i.bmi088_gyro_init  bmi088driver.o
    0x08007504   0x08007504   0x000000d0   Code   RO         8916    i.bmi088_gyro_self_test  bmi088driver.o
    0x080075d4   0x080075d4   0x00000014   Code   RO         6933    i.bmi_pwm_set       temperature.o
    0x080075e8   0x080075e8   0x000000b8   Code   RO         6716    i.buzzer_init       buzzer.o
    0x080076a0   0x080076a0   0x00000010   Code   RO         6717    i.buzzer_off        buzzer.o
    0x080076b0   0x080076b0   0x0000001c   Code   RO         6718    i.buzzer_on         buzzer.o
    0x080076cc   0x080076cc   0x000000e8   Code   RO         8239    i.calc_battery_percentage  voltage_task.o
    0x080077b4   0x080077b4   0x00000188   Code   RO         7937    i.calc_gimbal_cali  gimbal_task.o
    0x0800793c   0x0800793c   0x00000084   Code   RO         8088    i.cali_data_write   calibrate_task.o
    0x080079c0   0x080079c0   0x0000006a   Code   RO         8089    i.cali_gimbal_hook  calibrate_task.o
    0x08007a2a   0x08007a2a   0x00000002   PAD
    0x08007a2c   0x08007a2c   0x0000005c   Code   RO         8090    i.cali_gyro_hook    calibrate_task.o
    0x08007a88   0x08007a88   0x00000048   Code   RO         8091    i.cali_head_hook    calibrate_task.o
    0x08007ad0   0x08007ad0   0x00000148   Code   RO         8093    i.calibrate_task    calibrate_task.o
    0x08007c18   0x08007c18   0x000000f8   Code   RO         7318    i.camera_trigger_Init  camera_trigger.o
    0x08007d10   0x08007d10   0x000000b8   Code   RO         8383    i.chassis_behaviour_control_set  chassis_behaviour.o
    0x08007dc8   0x08007dc8   0x0000007c   Code   RO         8384    i.chassis_behaviour_mode_set  chassis_behaviour.o
    0x08007e44   0x08007e44   0x000000f4   Code   RO         8385    i.chassis_behavour_set  chassis_behaviour.o
    0x08007f38   0x08007f38   0x000001c4   Code   RO         8468    i.chassis_control_loop  chassis_task.o
    0x080080fc   0x080080fc   0x00000164   Code   RO         8469    i.chassis_feedback_update  chassis_task.o
    0x08008260   0x08008260   0x0000011c   Code   RO         8386    i.chassis_infantry_follow_gimbal_yaw_control  chassis_behaviour.o
    0x0800837c   0x0800837c   0x00000100   Code   RO         8470    i.chassis_init      chassis_task.o
    0x0800847c   0x0800847c   0x000000a8   Code   RO         8471    i.chassis_mode_change_control_transit  chassis_task.o
    0x08008524   0x08008524   0x00000044   Code   RO         8387    i.chassis_no_follow_yaw_control  chassis_behaviour.o
    0x08008568   0x08008568   0x0000005c   Code   RO         8388    i.chassis_no_move_control  chassis_behaviour.o
    0x080085c4   0x080085c4   0x0000005c   Code   RO         8389    i.chassis_open_set_control  chassis_behaviour.o
    0x08008620   0x08008620   0x0000015c   Code   RO         8472    i.chassis_rc_to_control_vector  chassis_task.o
    0x0800877c   0x0800877c   0x00000050   Code   RO         8390    i.chassis_rotation_control  chassis_behaviour.o
    0x080087cc   0x080087cc   0x00000050   Code   RO         8391    i.chassis_rotation_exit_control  chassis_behaviour.o
    0x0800881c   0x0800881c   0x00000264   Code   RO         8473    i.chassis_set_contorl  chassis_task.o
    0x08008a80   0x08008a80   0x00000012   Code   RO         8474    i.chassis_set_mode  chassis_task.o
    0x08008a92   0x08008a92   0x00000002   PAD
    0x08008a94   0x08008a94   0x00000050   Code   RO         8475    i.chassis_task      chassis_task.o
    0x08008ae4   0x08008ae4   0x00000050   Code   RO         8476    i.chassis_vector_to_mecanum_wheel_speed  chassis_task.o
    0x08008b34   0x08008b34   0x0000002c   Code   RO         8392    i.chassis_zero_force_control  chassis_behaviour.o
    0x08008b60   0x08008b60   0x000000cc   Code   RO         7938    i.cmd_cali_gimbal_hook  gimbal_task.o
    0x08008c2c   0x08008c2c   0x0000006c   Code   RO         6966    i.delay_init        delay.o
    0x08008c98   0x08008c98   0x0000003a   Code   RO         9538    i.fifo_s_get        fifo.o
    0x08008cd2   0x08008cd2   0x00000016   Code   RO         9541    i.fifo_s_init       fifo.o
    0x08008ce8   0x08008ce8   0x000000a0   Code   RO         9547    i.fifo_s_puts       fifo.o
    0x08008d88   0x08008d88   0x00000006   Code   RO         9549    i.fifo_s_used       fifo.o
    0x08008d8e   0x08008d8e   0x00000054   Code   RO         9303    i.first_order_filter_cali  user_lib.o
    0x08008de2   0x08008de2   0x00000002   PAD
    0x08008de4   0x08008de4   0x00000024   Code   RO         9304    i.first_order_filter_init  user_lib.o
    0x08008e08   0x08008e08   0x000000b8   Code   RO         6344    i.flash_write_single_address  flash.o
    0x08008ec0   0x08008ec0   0x0000002a   Code   RO         9305    i.fp32_constrain    user_lib.o
    0x08008eea   0x08008eea   0x00000002   PAD
    0x08008eec   0x08008eec   0x00000024   Code   RO         6540    i.fputc             uart1.o
    0x08008f10   0x08008f10   0x00000014   Code   RO         6849    i.fric1_on          trigger.o
    0x08008f24   0x08008f24   0x00000014   Code   RO         6850    i.fric2_on          trigger.o
    0x08008f38   0x08008f38   0x0000001c   Code   RO         6851    i.fric_off          trigger.o
    0x08008f54   0x08008f54   0x00000038   Code   RO         7017    i.get_ADC1          adc.o
    0x08008f8c   0x08008f8c   0x00000038   Code   RO         7018    i.get_ADC3          adc.o
    0x08008fc4   0x08008fc4   0x00000034   Code   RO         9469    i.get_CRC16_check_sum  crc8_crc16.o
    0x08008ff8   0x08008ff8   0x00000024   Code   RO         9470    i.get_CRC8_check_sum  crc8_crc16.o
    0x0800901c   0x0800901c   0x00000018   Code   RO         7646    i.get_Chassis_Motor_Measure_Point  can_receive.o
    0x08009034   0x08009034   0x00000008   Code   RO         7475    i.get_INS_angle_point  ins_task.o
    0x0800903c   0x0800903c   0x00000008   Code   RO         7647    i.get_Pitch_Gimbal_Motor_Measure_Point  can_receive.o
    0x08009044   0x08009044   0x00000008   Code   RO         8283    i.get_ROS_Msg_point  ros_receive.o
    0x0800904c   0x0800904c   0x00000008   Code   RO         7648    i.get_Trigger_Motor_Measure_Point  can_receive.o
    0x08009054   0x08009054   0x00000008   Code   RO         7649    i.get_Yaw_Gimbal_Motor_Measure_Point  can_receive.o
    0x0800905c   0x0800905c   0x00000008   Code   RO         7478    i.get_accel_filter_point  ins_task.o
    0x08009064   0x08009064   0x000000e8   Code   RO         9801    i.get_angle         AHRS.lib(ahrs.o)
    0x0800914c   0x0800914c   0x00000058   Code   RO         7019    i.get_battery_voltage  adc.o
    0x080091a4   0x080091a4   0x00000008   Code   RO         8477    i.get_chassis_control_point  chassis_task.o
    0x080091ac   0x080091ac   0x00000008   Code   RO         7939    i.get_gimbal_control_point  gimbal_task.o
    0x080091b4   0x080091b4   0x00000008   Code   RO         7479    i.get_gyro_data_point  ins_task.o
    0x080091bc   0x080091bc   0x00000008   Code   RO         7940    i.get_pitch_motor_point  gimbal_task.o
    0x080091c4   0x080091c4   0x00000008   Code   RO         7732    i.get_remote_control_point  remote_control.o
    0x080091cc   0x080091cc   0x00000004   Code   RO         8552    i.get_shoot_17mm_speed_limit  referee.o
    0x080091d0   0x080091d0   0x00000008   Code   RO         8163    i.get_shoot_control_point  shoot.o
    0x080091d8   0x080091d8   0x0000006c   Code   RO         7020    i.get_temprate      adc.o
    0x08009244   0x08009244   0x00000008   Code   RO         7941    i.get_yaw_motor_point  gimbal_task.o
    0x0800924c   0x0800924c   0x0000000c   Code   RO         7798    i.gimbal_absolute_angle_control  gimbal_behaviour.o
    0x08009258   0x08009258   0x000000a0   Code   RO         7799    i.gimbal_autoshoot_control  gimbal_behaviour.o
    0x080092f8   0x080092f8   0x00000184   Code   RO         7800    i.gimbal_behaviour_control_set  gimbal_behaviour.o
    0x0800947c   0x0800947c   0x0000010c   Code   RO         7801    i.gimbal_behaviour_mode_set  gimbal_behaviour.o
    0x08009588   0x08009588   0x00000594   Code   RO         7802    i.gimbal_behavour_set  gimbal_behaviour.o
    0x08009b1c   0x08009b1c   0x000001d0   Code   RO         7803    i.gimbal_cali_control  gimbal_behaviour.o
    0x08009cec   0x08009cec   0x0000002c   Code   RO         7804    i.gimbal_cmd_to_chassis_stop  gimbal_behaviour.o
    0x08009d18   0x08009d18   0x00000024   Code   RO         7805    i.gimbal_cmd_to_shoot_stop  gimbal_behaviour.o
    0x08009d3c   0x08009d3c   0x00000030   Code   RO         7807    i.gimbal_init_cmd_chassis_move  gimbal_behaviour.o
    0x08009d6c   0x08009d6c   0x000000c4   Code   RO         7808    i.gimbal_init_control  gimbal_behaviour.o
    0x08009e30   0x08009e30   0x00000020   Code   RO         7809    i.gimbal_motionless_control  gimbal_behaviour.o
    0x08009e50   0x08009e50   0x0000005c   Code   RO         7942    i.gimbal_motor_absolute_angle_control  gimbal_task.o
    0x08009eac   0x08009eac   0x00000022   Code   RO         7943    i.gimbal_motor_raw_angle_control  gimbal_task.o
    0x08009ece   0x08009ece   0x0000005e   Code   RO         7944    i.gimbal_motor_relative_angle_control  gimbal_task.o
    0x08009f2c   0x08009f2c   0x00000048   Code   RO         7945    i.gimbal_offset_init  gimbal_task.o
    0x08009f74   0x08009f74   0x00000028   Code   RO         7810    i.gimbal_relative_angle_control  gimbal_behaviour.o
    0x08009f9c   0x08009f9c   0x00000020   Code   RO         7811    i.gimbal_zero_force_control  gimbal_behaviour.o
    0x08009fbc   0x08009fbc   0x00000054   Code   RO         7481    i.gyro_offset_calc  ins_task.o
    0x0800a010   0x0800a010   0x00000038   Code   RO         8284    i.imuSendTask       ros_receive.o
    0x0800a048   0x0800a048   0x0000012c   Code   RO         7482    i.imu_cali_solve    ins_task.o
    0x0800a174   0x0800a174   0x000000b8   Code   RO         7483    i.imu_temp_control  ins_task.o
    0x0800a22c   0x0800a22c   0x00000100   Code   RO         8556    i.init_referee_struct_data  referee.o
    0x0800a32c   0x0800a32c   0x0000003c   Code   RO         7021    i.init_vrefint_reciprocal  adc.o
    0x0800a368   0x0800a368   0x00000080   Code   RO         6756    i.key_Init          key.o
    0x0800a3e8   0x0800a3e8   0x0000003c   Code   RO         6415    i.led_Init          led.o
    0x0800a424   0x0800a424   0x00000014   Code   RO         6418    i.led_blue_toggle   led.o
    0x0800a438   0x0800a438   0x00000014   Code   RO         6420    i.led_green_on      led.o
    0x0800a44c   0x0800a44c   0x00000014   Code   RO         6422    i.led_red_off       led.o
    0x0800a460   0x0800a460   0x00000014   Code   RO         6423    i.led_red_on        led.o
    0x0800a474   0x0800a474   0x00000060   Code   RO         9310    i.loop_fp32_constrain  user_lib.o
    0x0800a4d4   0x0800a4d4   0x00000010   Code   RO         9423    i.main              main.o
    0x0800a4e4   0x0800a4e4   0x00000034   Code   RO         7946    i.motor_ecd_to_angle_change  gimbal_task.o
    0x0800a518   0x0800a518   0x00000098   Code   RO         5705    i.prvAddCurrentTaskToDelayedList  tasks.o
    0x0800a5b0   0x0800a5b0   0x000000b8   Code   RO         5706    i.prvAddNewTaskToReadyList  tasks.o
    0x0800a668   0x0800a668   0x00000064   Code   RO         6080    i.prvCheckForValidListAndQueue  timers.o
    0x0800a6cc   0x0800a6cc   0x00000064   Code   RO         5707    i.prvCheckTasksWaitingTermination  tasks.o
    0x0800a730   0x0800a730   0x0000002a   Code   RO         5469    i.prvCopyDataFromQueue  queue.o
    0x0800a75a   0x0800a75a   0x0000007c   Code   RO         5470    i.prvCopyDataToQueue  queue.o
    0x0800a7d6   0x0800a7d6   0x00000012   Code   RO         5708    i.prvDeleteTCB      tasks.o
    0x0800a7e8   0x0800a7e8   0x00000028   Code   RO         6081    i.prvGetNextExpireTime  timers.o
    0x0800a810   0x0800a810   0x0000007c   Code   RO         6210    i.prvHeapInit       heap_4.o
    0x0800a88c   0x0800a88c   0x00000028   Code   RO         5709    i.prvIdleTask       tasks.o
    0x0800a8b4   0x0800a8b4   0x0000001c   Code   RO         5471    i.prvInitialiseMutex  queue.o
    0x0800a8d0   0x0800a8d0   0x0000002e   Code   RO         5472    i.prvInitialiseNewQueue  queue.o
    0x0800a8fe   0x0800a8fe   0x000000b6   Code   RO         5710    i.prvInitialiseNewTask  tasks.o
    0x0800a9b4   0x0800a9b4   0x00000068   Code   RO         5711    i.prvInitialiseTaskLists  tasks.o
    0x0800aa1c   0x0800aa1c   0x00000068   Code   RO         6211    i.prvInsertBlockIntoFreeList  heap_4.o
    0x0800aa84   0x0800aa84   0x00000058   Code   RO         6083    i.prvInsertTimerInActiveList  timers.o
    0x0800aadc   0x0800aadc   0x0000001a   Code   RO         5473    i.prvIsQueueEmpty   queue.o
    0x0800aaf6   0x0800aaf6   0x0000001e   Code   RO         5474    i.prvIsQueueFull    queue.o
    0x0800ab14   0x0800ab14   0x00000090   Code   RO         5475    i.prvNotifyQueueSetContainer  queue.o
    0x0800aba4   0x0800aba4   0x00000064   Code   RO         6084    i.prvProcessExpiredTimer  timers.o
    0x0800ac08   0x0800ac08   0x000000f8   Code   RO         6085    i.prvProcessReceivedCommands  timers.o
    0x0800ad00   0x0800ad00   0x00000074   Code   RO         6086    i.prvProcessTimerOrBlockTask  timers.o
    0x0800ad74   0x0800ad74   0x00000034   Code   RO         5713    i.prvResetNextTaskUnblockTime  tasks.o
    0x0800ada8   0x0800ada8   0x0000002c   Code   RO         6087    i.prvSampleTimeNow  timers.o
    0x0800add4   0x0800add4   0x000000a0   Code   RO         6088    i.prvSwitchTimerLists  timers.o
    0x0800ae74   0x0800ae74   0x00000016   Code   RO         5715    i.prvTaskCheckFreeStackSpace  tasks.o
    0x0800ae8a   0x0800ae8a   0x00000002   PAD
    0x0800ae8c   0x0800ae8c   0x00000040   Code   RO         6260    i.prvTaskExitError  port.o
    0x0800aecc   0x0800aecc   0x0000001a   Code   RO         6089    i.prvTimerTask      timers.o
    0x0800aee6   0x0800aee6   0x00000092   Code   RO         5476    i.prvUnlockQueue    queue.o
    0x0800af78   0x0800af78   0x0000013c   Code   RO         6212    i.pvPortMalloc      heap_4.o
    0x0800b0b4   0x0800b0b4   0x00000020   Code   RO         5718    i.pvTaskIncrementMutexHeldCount  tasks.o
    0x0800b0d4   0x0800b0d4   0x0000002c   Code   RO         6261    i.pxPortInitialiseStack  port.o
    0x0800b100   0x0800b100   0x00000084   Code   RO         9806    i.quat_normalization  AHRS.lib(ahrs.o)
    0x0800b184   0x0800b184   0x0000005a   Code   RO         9311    i.ramp_calc         user_lib.o
    0x0800b1de   0x0800b1de   0x00000002   PAD
    0x0800b1e0   0x0800b1e0   0x0000002c   Code   RO         9312    i.ramp_init         user_lib.o
    0x0800b20c   0x0800b20c   0x00000210   Code   RO         8557    i.referee_data_solve  referee.o
    0x0800b41c   0x0800b41c   0x00000140   Code   RO         7115    i.referee_init      referee_usart.o
    0x0800b55c   0x0800b55c   0x0000014c   Code   RO         8626    i.referee_unpack_fifo_data  referee_usart_task.o
    0x0800b6a8   0x0800b6a8   0x00000038   Code   RO         8627    i.referee_usart_task  referee_usart_task.o
    0x0800b6e0   0x0800b6e0   0x00000014   Code   RO         7733    i.remote_control_init  remote_control.o
    0x0800b6f4   0x0800b6f4   0x0000001c   Code   RO         8393    i.rotation_cmd_gimbal_absolute  chassis_behaviour.o
    0x0800b710   0x0800b710   0x00000020   Code   RO         7947    i.set_cali_gimbal_hook  gimbal_task.o
    0x0800b730   0x0800b730   0x000000c0   Code   RO         8164    i.shoot_bullet_control  shoot.o
    0x0800b7f0   0x0800b7f0   0x00000184   Code   RO         8165    i.shoot_control_loop  shoot.o
    0x0800b974   0x0800b974   0x00000198   Code   RO         8166    i.shoot_feedback_update  shoot.o
    0x0800bb0c   0x0800bb0c   0x000000d0   Code   RO         8167    i.shoot_init        shoot.o
    0x0800bbdc   0x0800bbdc   0x00000060   Code   RO         8168    i.shoot_limit_pwm_set  shoot.o
    0x0800bc3c   0x0800bc3c   0x00000190   Code   RO         8169    i.shoot_set_mode    shoot.o
    0x0800bdcc   0x0800bdcc   0x0000003e   Code   RO        10385    i.sqrtf             m_wm.l(sqrtf_full.o)
    0x0800be0a   0x0800be0a   0x00000002   PAD
    0x0800be0c   0x0800be0c   0x0000002c   Code   RO         7402    i.startTast         start_task.o
    0x0800be38   0x0800be38   0x00000188   Code   RO         7403    i.start_task        start_task.o
    0x0800bfc0   0x0800bfc0   0x00000028   Code   RO         8361    i.switch_is_fric_on  rc_handoff.o
    0x0800bfe8   0x0800bfe8   0x00000028   Code   RO         8362    i.switch_is_shoot   rc_handoff.o
    0x0800c010   0x0800c010   0x00000060   Code   RO         7022    i.temp_ADC_init     adc.o
    0x0800c070   0x0800c070   0x000000d4   Code   RO         6934    i.temp_pwm_init     temperature.o
    0x0800c144   0x0800c144   0x00000030   Code   RO         7023    i.temperature_ADC_Reset  adc.o
    0x0800c174   0x0800c174   0x000000f8   Code   RO         6852    i.trigger_PWM_Init  trigger.o
    0x0800c26c   0x0800c26c   0x000000ec   Code   RO         8170    i.trigger_motor_turn_back  shoot.o
    0x0800c358   0x0800c358   0x0000007a   Code   RO         9807    i.update_w          AHRS.lib(ahrs.o)
    0x0800c3d2   0x0800c3d2   0x00000028   Code   RO         5432    i.uxListRemove      list.o
    0x0800c3fa   0x0800c3fa   0x00000002   PAD
    0x0800c3fc   0x0800c3fc   0x00000028   Code   RO         5721    i.uxTaskGetStackHighWaterMark  tasks.o
    0x0800c424   0x0800c424   0x0000001a   Code   RO         5433    i.vListInitialise   list.o
    0x0800c43e   0x0800c43e   0x00000006   Code   RO         5434    i.vListInitialiseItem  list.o
    0x0800c444   0x0800c444   0x00000034   Code   RO         5435    i.vListInsert       list.o
    0x0800c478   0x0800c478   0x00000018   Code   RO         5436    i.vListInsertEnd    list.o
    0x0800c490   0x0800c490   0x00000054   Code   RO         6263    i.vPortEnterCritical  port.o
    0x0800c4e4   0x0800c4e4   0x0000003c   Code   RO         6264    i.vPortExitCritical  port.o
    0x0800c520   0x0800c520   0x00000094   Code   RO         6213    i.vPortFree         heap_4.o
    0x0800c5b4   0x0800c5b4   0x00000020   Code   RO         6265    i.vPortSetupTimerInterrupt  port.o
    0x0800c5d4   0x0800c5d4   0x00000078   Code   RO         6266    i.vPortValidateInterruptPriority  port.o
    0x0800c64c   0x0800c64c   0x0000002c   Code   RO         5482    i.vQueueAddToRegistry  queue.o
    0x0800c678   0x0800c678   0x0000004a   Code   RO         5486    i.vQueueWaitForMessageRestricted  queue.o
    0x0800c6c2   0x0800c6c2   0x00000002   PAD
    0x0800c6c4   0x0800c6c4   0x0000005c   Code   RO         5727    i.vTaskDelay        tasks.o
    0x0800c720   0x0800c720   0x000000d4   Code   RO         5728    i.vTaskDelayUntil   tasks.o
    0x0800c7f4   0x0800c7f4   0x000000f4   Code   RO         5729    i.vTaskDelete       tasks.o
    0x0800c8e8   0x0800c8e8   0x0000000c   Code   RO         5734    i.vTaskMissedYield  tasks.o
    0x0800c8f4   0x0800c8f4   0x00000038   Code   RO         5736    i.vTaskPlaceOnEventList  tasks.o
    0x0800c92c   0x0800c92c   0x00000040   Code   RO         5737    i.vTaskPlaceOnEventListRestricted  tasks.o
    0x0800c96c   0x0800c96c   0x000000b0   Code   RO         5739    i.vTaskPriorityInherit  tasks.o
    0x0800ca1c   0x0800ca1c   0x00000030   Code   RO         5743    i.vTaskSetTimeOutState  tasks.o
    0x0800ca4c   0x0800ca4c   0x00000098   Code   RO         5744    i.vTaskStartScheduler  tasks.o
    0x0800cae4   0x0800cae4   0x00000010   Code   RO         5746    i.vTaskSuspendAll   tasks.o
    0x0800caf4   0x0800caf4   0x000000cc   Code   RO         5747    i.vTaskSwitchContext  tasks.o
    0x0800cbc0   0x0800cbc0   0x00000040   Code   RO         9471    i.verify_CRC16_check_sum  crc8_crc16.o
    0x0800cc00   0x0800cc00   0x0000002e   Code   RO         9472    i.verify_CRC8_check_sum  crc8_crc16.o
    0x0800cc2e   0x0800cc2e   0x00000002   PAD
    0x0800cc30   0x0800cc30   0x0000002c   Code   RO         7024    i.voltage_ADC_Reset  adc.o
    0x0800cc5c   0x0800cc5c   0x00000084   Code   RO         7025    i.voltage_ADC_init  adc.o
    0x0800cce0   0x0800cce0   0x0000013c   Code   RO         6267    i.xPortStartScheduler  port.o
    0x0800ce1c   0x0800ce1c   0x00000034   Code   RO         6268    i.xPortSysTickHandler  port.o
    0x0800ce50   0x0800ce50   0x00000022   Code   RO         5489    i.xQueueCreateMutex  queue.o
    0x0800ce72   0x0800ce72   0x00000058   Code   RO         5491    i.xQueueGenericCreate  queue.o
    0x0800ceca   0x0800ceca   0x00000002   PAD
    0x0800cecc   0x0800cecc   0x000001c4   Code   RO         5492    i.xQueueGenericReceive  queue.o
    0x0800d090   0x0800d090   0x00000098   Code   RO         5493    i.xQueueGenericReset  queue.o
    0x0800d128   0x0800d128   0x000001c8   Code   RO         5494    i.xQueueGenericSend  queue.o
    0x0800d2f0   0x0800d2f0   0x00000108   Code   RO         5495    i.xQueueGenericSendFromISR  queue.o
    0x0800d3f8   0x0800d3f8   0x0000008c   Code   RO         5748    i.xTaskCheckForTimeOut  tasks.o
    0x0800d484   0x0800d484   0x00000060   Code   RO         5749    i.xTaskCreate       tasks.o
    0x0800d4e4   0x0800d4e4   0x00000020   Code   RO         5754    i.xTaskGetSchedulerState  tasks.o
    0x0800d504   0x0800d504   0x0000000c   Code   RO         5755    i.xTaskGetTickCount  tasks.o
    0x0800d510   0x0800d510   0x00000148   Code   RO         5757    i.xTaskIncrementTick  tasks.o
    0x0800d658   0x0800d658   0x000000c8   Code   RO         5760    i.xTaskPriorityDisinherit  tasks.o
    0x0800d720   0x0800d720   0x00000098   Code   RO         5761    i.xTaskRemoveFromEventList  tasks.o
    0x0800d7b8   0x0800d7b8   0x00000104   Code   RO         5763    i.xTaskResumeAll    tasks.o
    0x0800d8bc   0x0800d8bc   0x00000054   Code   RO         6093    i.xTimerCreateTimerTask  timers.o
    0x0800d910   0x0800d910   0x00000084   Code   RO         6094    i.xTimerGenericCommand  timers.o
    0x0800d994   0x0800d994   0x0000002c   Code   RO        10477    locale$$code        c_w.l(lc_numeric_c.o)
    0x0800d9c0   0x0800d9c0   0x000002c4   Code   RO        10163    x$fpl$d2f           g_wm.l(d2f_clz.o)
    0x0800dc84   0x0800dc84   0x00000018   Code   RO        10343    x$fpl$dcmpinf       g_wm.l(dcmpi.o)
    0x0800dc9c   0x0800dc9c   0x0000001a   Code   RO        10177    x$fpl$dfltn         g_wm.l(dflt_clz.o)
    0x0800dcb6   0x0800dcb6   0x00000002   PAD
    0x0800dcb8   0x0800dcb8   0x00000078   Code   RO        10181    x$fpl$dleqf         g_wm.l(dleqf.o)
    0x0800dd30   0x0800dd30   0x00000102   Code   RO        10345    x$fpl$dnaninf       g_wm.l(dnaninf.o)
    0x0800de32   0x0800de32   0x00000070   Code   RO        10347    x$fpl$drenorm       g_wm.l(drenorm_clz.o)
    0x0800dea2   0x0800dea2   0x0000000c   Code   RO        10349    x$fpl$dretinf       g_wm.l(dretinf.o)
    0x0800deae   0x0800deae   0x00000062   Code   RO        10183    x$fpl$drleqf        g_wm.l(drleqf.o)
    0x0800df10   0x0800df10   0x0000017a   Code   RO        10351    x$fpl$dunder        g_wm.l(dunder_clz.o)
    0x0800e08a   0x0800e08a   0x00000002   PAD
    0x0800e08c   0x0800e08c   0x000001ec   Code   RO        10353    x$fpl$exception     g_wm.l(except.o)
    0x0800e278   0x0800e278   0x0000007a   Code   RO        10185    x$fpl$f2d           g_wm.l(f2d.o)
    0x0800e2f2   0x0800e2f2   0x000000f2   Code   RO        10355    x$fpl$fnaninf       g_wm.l(fnaninf.o)
    0x0800e3e4   0x0800e3e4   0x0000000a   Code   RO        10488    x$fpl$fpinit        g_wm.l(fpinit.o)
    0x0800e3ee   0x0800e3ee   0x0000000a   Code   RO        10357    x$fpl$fretinf       g_wm.l(fretinf.o)
    0x0800e3f8   0x0800e3f8   0x0000013c   Code   RO        10359    x$fpl$funder        g_wm.l(funder_clz.o)
    0x0800e534   0x0800e534   0x00000020   Code   RO        10490    x$fpl$ieeestatus    g_wm.l(istatus.o)
    0x0800e554   0x0800e554   0x00000004   Code   RO        10187    x$fpl$printf1       g_wm.l(printf1.o)
    0x0800e558   0x0800e558   0x000000b2   Code   RO        10492    x$fpl$retnan        g_wm.l(retnan.o)
    0x0800e60a   0x0800e60a   0x0000007e   Code   RO        10361    x$fpl$trapveneer    g_wm.l(trapv.o)
    0x0800e688   0x0800e688   0x00000000   Code   RO        10363    x$fpl$usenofp       g_wm.l(usenofp.o)
    0x0800e688   0x0800e688   0x00000018   Data   RO         7485    .constdata          ins_task.o
    0x0800e6a0   0x0800e6a0   0x00000020   Data   RO         7949    .constdata          gimbal_task.o
    0x0800e6c0   0x0800e6c0   0x0000000f   Data   RO         8097    .constdata          calibrate_task.o
    0x0800e6cf   0x0800e6cf   0x00000001   PAD
    0x0800e6d0   0x0800e6d0   0x0000000c   Data   RO         8172    .constdata          shoot.o
    0x0800e6dc   0x0800e6dc   0x00000020   Data   RO         8479    .constdata          chassis_task.o
    0x0800e6fc   0x0800e6fc   0x00000302   Data   RO         8797    .constdata          rm_cilent_ui.o
    0x0800e9fe   0x0800e9fe   0x00000012   Data   RO         8921    .constdata          bmi088driver.o
    0x0800ea10   0x0800ea10   0x00000302   Data   RO         9473    .constdata          crc8_crc16.o
    0x0800ed12   0x0800ed12   0x00000002   PAD
    0x0800ed14   0x0800ed14   0x0000000c   Data   RO         9808    .constdata          AHRS.lib(ahrs.o)
    0x0800ed20   0x0800ed20   0x00000804   Data   RO        10018    .constdata          arm_cortexM4lf_math.lib(arm_common_tables.o)
    0x0800f524   0x0800f524   0x00000094   Data   RO        10444    .constdata          c_w.l(bigflt0.o)
    0x0800f5b8   0x0800f5b8   0x00000004   Data   RO        10497    .constdata          c_w.l(sys_io.o)
    0x0800f5bc   0x0800f5bc   0x00000004   Data   RO        10498    .constdata          c_w.l(sys_io.o)
    0x0800f5c0   0x0800f5c0   0x00000004   Data   RO        10499    .constdata          c_w.l(sys_io.o)
    0x0800f5c4   0x0800f5c4   0x00000020   Data   RO        10611    Region$$Table       anon$$obj.o
    0x0800f5e4   0x0800f5e4   0x0000001c   Data   RO        10476    locale$$data        c_w.l(lc_numeric_c.o)


    Execution Region RW_IRAM1 (Exec base: 0x20000000, Load base: 0x0800f600, Size: 0x00007fa0, Max: 0x00020000, ABSOLUTE, COMPRESSED[0x000000a4])

    Exec Addr    Load Addr    Size         Type   Attr      Idx    E Section Name        Object

    0x20000000   COMPRESSED   0x00000014   Data   RW          174    .data               system_stm32f4xx.o
    0x20000014   COMPRESSED   0x00000010   Data   RW         3136    .data               stm32f4xx_rcc.o
    0x20000024   COMPRESSED   0x00000044   Data   RW         5766    .data               tasks.o
    0x20000068   COMPRESSED   0x00000014   Data   RW         6100    .data               timers.o
    0x2000007c   COMPRESSED   0x00000018   Data   RW         6218    .data               heap_4.o
    0x20000094   COMPRESSED   0x0000000c   Data   RW         6269    .data               port.o
    0x200000a0   COMPRESSED   0x00000008   Data   RW         6969    .data               delay.o
    0x200000a8   COMPRESSED   0x00000004   Data   RW         7026    .data               adc.o
    0x200000ac   COMPRESSED   0x00000004   PAD
    0x200000b0   COMPRESSED   0x00000048   Data   RW         7196    .data               dwt.o
    0x200000f8   COMPRESSED   0x00000008   Data   RW         7363    .data               freertos_middleware.o
    0x20000100   COMPRESSED   0x00000028   Data   RW         7404    .data               start_task.o
    0x20000128   COMPRESSED   0x00000077   Data   RW         7486    .data               ins_task.o
    0x2000019f   COMPRESSED   0x00000001   PAD
    0x200001a0   COMPRESSED   0x00000024   Data   RW         7593    .data               user_task.o
    0x200001c4   COMPRESSED   0x00000001   Data   RW         7651    .data               can_receive.o
    0x200001c5   COMPRESSED   0x00000001   PAD
    0x200001c6   COMPRESSED   0x00000002   Data   RW         7737    .data               remote_control.o
    0x200001c8   COMPRESSED   0x0000001e   Data   RW         7813    .data               gimbal_behaviour.o
    0x200001e6   COMPRESSED   0x00000002   PAD
    0x200001e8   COMPRESSED   0x0000001c   Data   RW         7950    .data               gimbal_task.o
    0x20000204   COMPRESSED   0x00000054   Data   RW         8098    .data               calibrate_task.o
    0x20000258   COMPRESSED   0x00000005   Data   RW         8173    .data               shoot.o
    0x2000025d   COMPRESSED   0x00000003   PAD
    0x20000260   COMPRESSED   0x0000000b   Data   RW         8242    .data               voltage_task.o
    0x2000026b   COMPRESSED   0x00000001   PAD
    0x2000026c   COMPRESSED   0x00000006   Data   RW         8286    .data               ros_receive.o
    0x20000272   COMPRESSED   0x00000002   Data   RW         8363    .data               rc_handoff.o
    0x20000274   COMPRESSED   0x00000011   Data   RW         8394    .data               chassis_behaviour.o
    0x20000285   COMPRESSED   0x00000048   Data   RW         8559    .data               referee.o
    0x200002cd   COMPRESSED   0x00000001   PAD
    0x200002ce   COMPRESSED   0x00000002   Data   RW         8629    .data               referee_usart_task.o
    0x200002d0   COMPRESSED   0x00000004   Data   RW         8798    .data               rm_cilent_ui.o
    0x200002d4   COMPRESSED   0x0000002c   Data   RW         8922    .data               bmi088driver.o
    0x20000300   COMPRESSED   0x00000002   Data   RW         9474    .data               crc8_crc16.o
    0x20000302   COMPRESSED   0x00000002   PAD
    0x20000304   COMPRESSED   0x00000010   Data   RW         9809    .data               AHRS.lib(ahrs.o)
    0x20000314   COMPRESSED   0x00000004   Data   RW        10293    .data               c_w.l(stdio_streams.o)
    0x20000318   COMPRESSED   0x00000004   Data   RW        10294    .data               c_w.l(stdio_streams.o)
    0x2000031c   COMPRESSED   0x00000004   Data   RW        10295    .data               c_w.l(stdio_streams.o)
    0x20000320        -       0x00000040   Zero   RW         5506    .bss                queue.o
    0x20000360        -       0x000002e4   Zero   RW         5765    .bss                tasks.o
    0x20000644        -       0x00000028   Zero   RW         6099    .bss                timers.o
    0x2000066c        -       0x00006000   Zero   RW         6217    .bss                heap_4.o
    0x2000666c        -       0x00000110   Zero   RW         7484    .bss                ins_task.o
    0x2000677c        -       0x00000024   Zero   RW         7592    .bss                user_task.o
    0x200067a0        -       0x00000084   Zero   RW         7650    .bss                can_receive.o
    0x20006824        -       0x0000005e   Zero   RW         7736    .bss                remote_control.o
    0x20006882   COMPRESSED   0x00000002   PAD
    0x20006884        -       0x00000030   Zero   RW         7812    .bss                gimbal_behaviour.o
    0x200068b4        -       0x00000210   Zero   RW         7948    .bss                gimbal_task.o
    0x20006ac4        -       0x0000009d   Zero   RW         8096    .bss                calibrate_task.o
    0x20006b61   COMPRESSED   0x00000003   PAD
    0x20006b64        -       0x000000b0   Zero   RW         8171    .bss                shoot.o
    0x20006c14        -       0x0000004c   Zero   RW         8285    .bss                ros_receive.o
    0x20006c60        -       0x00000244   Zero   RW         8478    .bss                chassis_task.o
    0x20006ea4        -       0x000000f8   Zero   RW         8558    .bss                referee.o
    0x20006f9c        -       0x000008a1   Zero   RW         8628    .bss                referee_usart_task.o
    0x2000783d   COMPRESSED   0x00000003   PAD
    0x20007840        -       0x00000054   Zero   RW        10290    .bss                c_w.l(stdio_streams.o)
    0x20007894        -       0x00000054   Zero   RW        10291    .bss                c_w.l(stdio_streams.o)
    0x200078e8        -       0x00000054   Zero   RW        10292    .bss                c_w.l(stdio_streams.o)
    0x2000793c        -       0x00000060   Zero   RW        10398    .bss                c_w.l(libspace.o)
    0x2000799c   COMPRESSED   0x00000004   PAD
    0x200079a0        -       0x00000200   Zero   RW         5285    HEAP                startup_stm32f40_41xxx.o
    0x20007ba0        -       0x00000400   Zero   RW         5284    STACK               startup_stm32f40_41xxx.o


==============================================================================

Image component sizes


      Code (inc. data)   RO Data    RW Data    ZI Data      Debug   Object Name

       688         74          0          4          0       5519   adc.o
       196         12          0          0          0       5484   ahrs_middleware.o
         0          0          0          0          0        592   bluetooth.o
      2038         24         18         44          0       8495   bmi088driver.o
       272         32          0          0          0       5060   bmi088middleware.o
       228         18          0          0          0       1803   buzzer.o
      1402         78         15         84        157       9582   calibrate_task.o
       312         16          0          0          0       1838   camera_trigger.o
       256         10          0          0          0       1013   can.o
       788         92          0          1        132       8272   can_receive.o
      1320         72          0         17          0      12767   chassis_behaviour.o
      2378        130         32          0        580      12062   chassis_task.o
       198         16        770          2          0       3693   crc8_crc16.o
         0          0          0          0          0       7124   croutine.o
       108         18          0          8          0        757   delay.o
       224         50          0         72          0      11523   dwt.o
         0          0          0          0          0      11700   event_groups.o
       258          0          0          0          0       5435   fifo.o
      1116        178          0          0          0       3341   flash.o
        84         12          0          8          0       2270   freertos_middleware.o
      3148        218          0         30         48      16044   gimbal_behaviour.o
      3046        200         32         28        528      21898   gimbal_task.o
       692         62          0         24      24576       4255   heap_4.o
      1376        164         24        119        272      10463   ins_task.o
       166         18          0          0          0       1841   kalman_filter.o
       152          6          0          0          0       1114   key.o
       104         16          0          0          0       1436   laser.o
       140         30          0          0          0       2355   led.o
       148          0          0          0          0       3086   list.o
       102          0          0          0          0        946   main.o
       180         24          0          0          0       1969   misc.o
       668         12          0          0          0       2978   pid.o
       954         92          0         12          0      11025   port.o
      2150         22          0          0         64      17705   queue.o
       328         26          0          0          0       1646   rc.o
        80         12          0          2          0       1198   rc_handoff.o
       788        204          0         72        248       9515   referee.o
       320         12          0          0          0       1267   referee_usart.o
       596         56          0          2       2209       3827   referee_usart_task.o
       482         32          0          2         94       4545   remote_control.o
       612         22        770          4          0       4838   rm_cilent_ui.o
       604         50          0          6         76       6292   ros_receive.o
      1936        162         12          5        176       8564   shoot.o
       328         26          0          0          0       1856   spi.o
       436        198          0         40          0      12682   start_task.o
        64         26        392          0       1536        828   startup_stm32f40_41xxx.o
       424         34          0          0          0       6393   stm32f4xx_adc.o
      1566         16          0          0          0       6182   stm32f4xx_can.o
       584         40          0          0          0       6468   stm32f4xx_dma.o
       184         16          0          0          0       1984   stm32f4xx_exti.o
       402         40          0          0          0       4277   stm32f4xx_flash.o
       240          0          0          0          0       3849   stm32f4xx_gpio.o
        20          0          0          0          0     348509   stm32f4xx_it.o
       392         48          0         16          0       5637   stm32f4xx_rcc.o
       112          0          0          0          0       3334   stm32f4xx_spi.o
        64          4          0          0          0        628   stm32f4xx_syscfg.o
       816         58          0          0          0      11118   stm32f4xx_tim.o
       714         42          0          0          0       7037   stm32f4xx_usart.o
       340         32          0         20          0     318645   system_stm32f4xx.o
      3422        438          0         68        740      24895   tasks.o
       232         16          0          0          0       1330   temperature.o
       172         10          0          0          0        684   timer.o
      1138        116          0         20         40      16859   timers.o
       316         24          0          0          0       2228   trigger.o
       448         30          0          0          0       4298   uart1.o
        96         16          0          0          0       3978   ui_task.o
       440          8          0          0          0       5331   user_lib.o
       192         42          0         36         36       5407   user_task.o
       300         62          0         11          0       6186   voltage_task.o

    ----------------------------------------------------------------------
     44134       3614       2100        772      31520    1067760   Object Totals
         0          0         32          0          0          0   (incl. Generated)
        54          0          3         15          8          0   (incl. Padding)

    ----------------------------------------------------------------------

      Code (inc. data)   RO Data    RW Data    ZI Data      Debug   Library Member Name

      2718         84         12         16          0       9922   ahrs.o
         0          0       2052          0          0       4636   arm_common_tables.o
       120         12          0          0          0      16970   arm_cos_f32.o
       116         12          0          0          0        658   arm_sin_f32.o
        90          0          0          0          0          0   __dczerorl2.o
         8          0          0          0          0         68   __main.o
       284          0          0          0          0        156   __printf_wp.o
         0          0          0          0          0          0   __rtentry.o
        12          0          0          0          0          0   __rtentry2.o
         6          0          0          0          0          0   __rtentry4.o
        52          8          0          0          0          0   __scatter.o
        28          0          0          0          0          0   __scatter_zi.o
        48          4          0          0          0         84   _fptrap.o
        48          6          0          0          0         96   _printf_char_common.o
        36          4          0          0          0         80   _printf_char_file.o
         6          0          0          0          0          0   _printf_f.o
      1054          0          0          0          0        216   _printf_fp_dec.o
       128         16          0          0          0         84   _printf_fp_infnan.o
         0          0          0          0          0          0   _printf_percent.o
         4          0          0          0          0          0   _printf_percent_end.o
        22          0          0          0          0        100   _rserrno.o
        16          0          0          0          0         68   aeabi_memset.o
       228          4        148          0          0         96   bigflt0.o
      1936        128          0          0          0        672   btod.o
        10          0          0          0          0         68   defsig_exit.o
       172        110          0          0          0         76   defsig_fpe_inner.o
        14          0          0          0          0         80   defsig_fpe_outer.o
        50          0          0          0          0         88   defsig_general.o
        80         58          0          0          0         76   defsig_rtmem_inner.o
        14          0          0          0          0         80   defsig_rtmem_outer.o
        52         38          0          0          0         76   defsig_rtred_inner.o
        14          0          0          0          0         80   defsig_rtred_outer.o
        18          0          0          0          0         80   exit.o
        76          0          0          0          0         88   fclose.o
         8          0          0          0          0         68   ferror.o
       236          4          0          0          0        128   fopen.o
       248          6          0          0          0         84   fseek.o
        66          0          0          0          0         76   ftell.o
        94          0          0          0          0         80   h1_alloc.o
        52          0          0          0          0         68   h1_extend.o
        78          0          0          0          0         80   h1_free.o
        14          0          0          0          0         84   h1_init.o
         6          0          0          0          0        152   heapauxi.o
         4          0          0          0          0        136   hguard.o
         0          0          0          0          0          0   indicate_semi.o
       138          0          0          0          0        168   init_alloc.o
       312         46          0          0          0        112   initio.o
        44         10         28          0          0         76   lc_numeric_c.o
         2          0          0          0          0          0   libinit.o
        34          0          0          0          0          0   libinit2.o
         2          0          0          0          0          0   libshutdown.o
         6          0          0          0          0          0   libshutdown2.o
         8          4          0          0         96         68   libspace.o
       138          0          0          0          0         80   lludiv10.o
         0          0          0          0          0          0   maybetermalloc1.o
        24          4          0          0          0         84   noretval__2printf.o
         8          4          0          0          0         68   rt_errno_addr_intlibspace.o
         8          4          0          0          0         68   rt_heap_descriptor_intlibspace.o
         8          4          0          0          0         68   rt_locale_intlibspace.o
        68          0          0          0          0         68   rt_memclr.o
        78          0          0          0          0         80   rt_memclr_w.o
       138          0          0          0          0         68   rt_memcpy_v6.o
       100          0          0          0          0         80   rt_memcpy_w.o
         2          0          0          0          0          0   rtexit.o
        10          0          0          0          0          0   rtexit2.o
        70          0          0          0          0         80   setvbuf.o
       240          6          0          0          0        156   stdio.o
         0          0          0         12        252          0   stdio_streams.o
       128          0          0          0          0         68   strcmpv7m.o
        62          0          0          0          0         76   strlen.o
        12          4          0          0          0         68   sys_exit.o
       102          0         12          0          0        240   sys_io.o
        74          0          0          0          0         80   sys_stackheap_outer.o
        14          0          0          0          0         76   sys_wrch.o
         2          0          0          0          0         68   use_no_semi.o
       708         16          0          0          0        140   d2f_clz.o
        24          0          0          0          0        116   dcmpi.o
        26          0          0          0          0        116   dflt_clz.o
       120          8          0          0          0        140   dleqf.o
       258          4          0          0          0        156   dnaninf.o
       112          0          0          0          0        160   drenorm_clz.o
        12          0          0          0          0        116   dretinf.o
        98          0          0          0          0        128   drleqf.o
       378          0          0          0          0        168   dunder_clz.o
       492         36          0          0          0        148   except.o
       122          8          0          0          0        132   f2d.o
       242          4          0          0          0        144   fnaninf.o
        10          0          0          0          0        116   fpinit.o
        10          0          0          0          0        116   fretinf.o
       316          0          0          0          0        132   funder_clz.o
        32          4          0          0          0        116   istatus.o
         4          0          0          0          0        116   printf1.o
       178          0          0          0          0        116   retnan.o
       126          0          0          0          0        148   trapv.o
         0          0          0          0          0          0   usenofp.o
       300         42          0          0          0        176   asinf.o
       592         90          0          0          0        184   atan2f.o
        20          0          0          0          0        124   fabs.o
        48          0          0          0          0        124   fpclassify.o
        38          0          0          0          0        116   fpclassifyf.o
        44         12          0          0          0        464   funder.o
        62          0          0          0          0        136   sqrtf_full.o

    ----------------------------------------------------------------------
     14490        804       2252         28        352      41502   Library Totals
        20          0          0          0          4          0   (incl. Padding)

    ----------------------------------------------------------------------

      Code (inc. data)   RO Data    RW Data    ZI Data      Debug   Library Name

      2718         84         12         16          0       9922   AHRS.lib
       236         24       2052          0          0      22264   arm_cortexM4lf_math.lib
      7144        472        188         12        348       5468   c_w.l
      3268         80          0          0          0       2524   g_wm.l
      1104        144          0          0          0       1324   m_wm.l

    ----------------------------------------------------------------------
     14490        804       2252         28        352      41502   Library Totals

    ----------------------------------------------------------------------

==============================================================================


      Code (inc. data)   RO Data    RW Data    ZI Data      Debug   

     58624       4418       4352        800      31872    1065194   Grand Totals
     58624       4418       4352        164      31872    1065194   ELF Image Totals (compressed)
     58624       4418       4352        164          0          0   ROM Totals

==============================================================================

    Total RO  Size (Code + RO Data)                62976 (  61.50kB)
    Total RW  Size (RW Data + ZI Data)             32672 (  31.91kB)
    Total ROM Size (Code + RO Data + RW Data)      63140 (  61.66kB)

==============================================================================

